[0;32mBuilding Braidy[0m
Target: standalone
Action: local
Formats: Standalone
Build Type: Debug

[0;32mBumping version...[0m
Version bump: 1.0.213 → 1.0.214
Build number: 214 → 215
AU version int: 65750 (0x0100D6)

Updating version files...
  ✓ Updated .env
  ✓ Updated CMakeLists.txt

✅ Version bumped to 1.0.214 (build 215)
[0;32mConfiguring CMake...[0m
-- Configuring juceaide
-- Building juceaide
-- Exporting juceaide
-- Testing juceaide
-- Finished setting up juceaide
-- Configuring done (4.0s)
-- Generating done (0.0s)
-- Build files have been written to: /Users/danielraffel/Code/braidy/build
[0;32mBuilding with Xcode...[0m
Building Standalone...
Command line invocation:
    /Applications/Xcode.app/Contents/Developer/usr/bin/xcodebuild -project build/Braidy.xcodeproj -scheme Braidy_Standalone -configuration Debug build

--- xcodebuild: WARNING: Using the first of multiple matching destinations:
{ platform:macOS, arch:arm64, id:00006001-000C2166029A801E, name:My Mac }
{ platform:macOS, arch:x86_64, id:00006001-000C2166029A801E, name:My Mac }
{ platform:macOS, name:Any Mac }
ComputePackagePrebuildTargetDependencyGraph

CreateBuildRequest

SendProjectDescription

CreateBuildOperation

ComputeTargetDependencyGraph
note: Building targets in dependency order
note: Target dependency graph (4 targets)
    Target 'Braidy_Standalone' in project 'Braidy'
        ➜ Explicit dependency on target 'Braidy' in project 'Braidy'
        ➜ Explicit dependency on target 'braids' in project 'Braidy'
        ➜ Explicit dependency on target 'ZERO_CHECK' in project 'Braidy'
    Target 'Braidy' in project 'Braidy'
        ➜ Explicit dependency on target 'braids' in project 'Braidy'
        ➜ Explicit dependency on target 'ZERO_CHECK' in project 'Braidy'
    Target 'braids' in project 'Braidy'
        ➜ Explicit dependency on target 'ZERO_CHECK' in project 'Braidy'
    Target 'ZERO_CHECK' in project 'Braidy' (no dependencies)

GatherProvisioningInputs

CreateBuildDescription

ExecuteExternalTool /Applications/Xcode.app/Contents/Developer/Toolchains/XcodeDefault.xctoolchain/usr/bin/clang -v -E -dM -arch arm64 -isysroot /Applications/Xcode.app/Contents/Developer/Platforms/MacOSX.platform/Developer/SDKs/MacOSX15.5.sdk -x c++ -c /dev/null

ExecuteExternalTool /Applications/Xcode.app/Contents/Developer/Toolchains/XcodeDefault.xctoolchain/usr/bin/clang -v -E -dM -isysroot /Applications/Xcode.app/Contents/Developer/Platforms/MacOSX.platform/Developer/SDKs/MacOSX15.5.sdk -x c -c /dev/null

ExecuteExternalTool /Applications/Xcode.app/Contents/Developer/Toolchains/XcodeDefault.xctoolchain/usr/bin/clang -v -E -dM -arch arm64 -isysroot /Applications/Xcode.app/Contents/Developer/Platforms/MacOSX.platform/Developer/SDKs/MacOSX15.5.sdk -x objective-c++ -c /dev/null

ExecuteExternalTool /Applications/Xcode.app/Contents/Developer/Toolchains/XcodeDefault.xctoolchain/usr/bin/libtool -V

ExecuteExternalTool /Applications/Xcode.app/Contents/Developer/Toolchains/XcodeDefault.xctoolchain/usr/bin/ld -version_details

ExecuteExternalTool /Applications/Xcode.app/Contents/Developer/Toolchains/XcodeDefault.xctoolchain/usr/bin/clang -v -E -dM -arch arm64 -isysroot /Applications/Xcode.app/Contents/Developer/Platforms/MacOSX.platform/Developer/SDKs/MacOSX15.5.sdk -x c -c /dev/null

Build description signature: 8afc2863937d71ac5df5262af3f0780a
Build description path: /Users/danielraffel/Code/braidy/build/build/XCBuildData/8afc2863937d71ac5df5262af3f0780a.xcbuilddata
ClangStatCache /Applications/Xcode.app/Contents/Developer/Toolchains/XcodeDefault.xctoolchain/usr/bin/clang-stat-cache /Applications/Xcode.app/Contents/Developer/Platforms/MacOSX.platform/Developer/SDKs/MacOSX15.5.sdk /Users/danielraffel/Library/Developer/Xcode/DerivedData/SDKStatCaches.noindex/macosx15.5-24F74-8254517eb8b97d462ccbc072ba9094c9.sdkstatcache
    cd /Users/danielraffel/Code/braidy/build/Braidy.xcodeproj
    /Applications/Xcode.app/Contents/Developer/Toolchains/XcodeDefault.xctoolchain/usr/bin/clang-stat-cache /Applications/Xcode.app/Contents/Developer/Platforms/MacOSX.platform/Developer/SDKs/MacOSX15.5.sdk -o /Users/danielraffel/Library/Developer/Xcode/DerivedData/SDKStatCaches.noindex/macosx15.5-24F74-8254517eb8b97d462ccbc072ba9094c9.sdkstatcache

WriteAuxiliaryFile /Users/danielraffel/Code/braidy/build/build/Braidy_Standalone.build/Debug/Objects-normal/arm64/af3fcb34312c57c0f52879cdce924b91-common-args.resp (in target 'Braidy_Standalone' from project 'Braidy')
    cd /Users/danielraffel/Code/braidy
    write-file /Users/danielraffel/Code/braidy/build/build/Braidy_Standalone.build/Debug/Objects-normal/arm64/af3fcb34312c57c0f52879cdce924b91-common-args.resp
-target arm64-apple-macos15.0 '-D_LIBCPP_HARDENING_MODE=_LIBCPP_HARDENING_MODE_DEBUG' -fpascal-strings -O0 '-DCMAKE_INTDIR="Debug"' '-DJUCE_GLOBAL_MODULE_SETTINGS_INCLUDED=1' '-DDEBUG=1' '-D_DEBUG=1' '-DJucePlugin_IsSynth=1' '-DJucePlugin_ManufacturerCode=0x4745434f' '-DJucePlugin_Manufacturer="Generous Corp"' '-DJucePlugin_ManufacturerWebsite=""' '-DJucePlugin_ManufacturerEmail=""' '-DJucePlugin_PluginCode=0x42524959' '-DJucePlugin_ProducesMidiOutput=0' '-DJucePlugin_IsMidiEffect=0' '-DJucePlugin_WantsMidiInput=1' '-DJucePlugin_EditorRequiresKeyboardFocus=1' '-DJucePlugin_Name="Braidy"' '-DJucePlugin_Desc="Braidy"' '-DJucePlugin_Version=1.0.213' '-DJucePlugin_VersionString="1.0.213"' '-DJucePlugin_VersionCode=0x100d5' '-DJucePlugin_VSTUniqueID=JucePlugin_PluginCode' '-DJucePlugin_VSTCategory=kPlugCategSynth' '-DJucePlugin_Vst3Category="Instrument|Synth|Generator"' '-DJucePlugin_AUMainType='\'aumu\' '-DJucePlugin_AUSubType=JucePlugin_PluginCode' '-DJucePlugin_AUExportPrefix=BraidyAU' '-DJucePlugin_AUExportPrefixQuoted="BraidyAU"' '-DJucePlugin_AUManufacturerCode=JucePlugin_ManufacturerCode' '-DJucePlugin_CFBundleIdentifier=com.generouscorp.braidy' '-DJucePlugin_AAXIdentifier=com.generouscorp.braidy' '-DJucePlugin_AAXManufacturerCode=JucePlugin_ManufacturerCode' '-DJucePlugin_AAXProductId=JucePlugin_PluginCode' '-DJucePlugin_AAXCategory=2048' '-DJucePlugin_AAXDisableBypass=0' '-DJucePlugin_AAXDisableMultiMono=0' '-DJucePlugin_VSTNumMidiInputs=16' '-DJucePlugin_VSTNumMidiOutputs=16' '-DJucePlugin_Enable_ARA=0' '-DJucePlugin_ARAFactoryID="com.generouscorp.braidy.arafactory.1.0.213"' '-DJucePlugin_ARADocumentArchiveID="com.generouscorp.braidy.aradocumentarchive.1"' '-DJucePlugin_ARACompatibleArchiveIDs=""' '-DJucePlugin_ARAContentTypes=0' '-DJucePlugin_ARATransformationFlags=0' '-DJUCE_VST3_CAN_REPLACE_VST2=0' '-DJUCE_USE_CURL=0' '-DJUCE_WEB_BROWSER=0' '-DJUCE_DISPLAY_SPLASH_SCREEN=0' '-DTEST=1' '-DBRAIDY_ENABLE_ALL_MODELS=1' '-DBRAIDY_ENABLE_POLYPHONY=1' '-DBRAIDY_ENABLE_ADVANCED_UI=1' '-DBRAIDY_ENABLE_PRESET_SYSTEM=1' '-DJUCE_MODULE_AVAILABLE_juce_audio_plugin_client=1' '-DJUCE_MODULE_AVAILABLE_juce_audio_processors=1' '-DJUCE_MODULE_AVAILABLE_juce_gui_extra=1' '-DJUCE_MODULE_AVAILABLE_juce_gui_basics=1' '-DJUCE_MODULE_AVAILABLE_juce_graphics=1' '-DJUCE_MODULE_AVAILABLE_juce_events=1' '-DJUCE_MODULE_AVAILABLE_juce_core=1' '-DJUCE_MODULE_AVAILABLE_juce_data_structures=1' '-DJUCE_MODULE_AVAILABLE_juce_audio_basics=1' '-DJUCE_MODULE_AVAILABLE_juce_audio_devices=1' '-DJUCE_MODULE_AVAILABLE_juce_audio_formats=1' '-DJUCE_MODULE_AVAILABLE_juce_audio_utils=1' '-DJUCE_MODULE_AVAILABLE_juce_dsp=1' '-DJUCE_STANDALONE_APPLICATION=JucePlugin_Build_Standalone' '-DJucePlugin_Build_AU=0' '-DJucePlugin_Build_AUv3=0' '-DJucePlugin_Build_AAX=0' '-DJucePlugin_Build_LV2=0' '-DJucePlugin_Build_Standalone=1' '-DJucePlugin_Build_Unity=0' '-DJucePlugin_Build_VST=0' '-DJucePlugin_Build_VST3=0' '-DOBJC_OLD_DISPATCH_PROTOTYPES=1' -isysroot /Applications/Xcode.app/Contents/Developer/Platforms/MacOSX.platform/Developer/SDKs/MacOSX15.5.sdk -g -I/Users/danielraffel/Code/braidy/build/Braidy_artefacts/Debug/Standalone/include -I/Users/danielraffel/Code/braidy/build/Braidy_artefacts/JuceLibraryCode -I/Users/danielraffel/Code/braidy/eurorack -I/Users/danielraffel/Code/braidy/eurorack/braids -I/Users/danielraffel/Code/braidy/eurorack/stmlib -I/Users/danielraffel/Code/braidy/Source -I/Users/danielraffel/.juce_cache/juce-src/modules -I/Users/danielraffel/.juce_cache/juce-src/modules/juce_audio_processors/format_types/VST3_SDK -I/Users/danielraffel/.juce_cache/juce-src/modules/juce_audio_processors/format_types/LV2_SDK -I/Users/danielraffel/.juce_cache/juce-src/modules/juce_audio_processors/format_types/LV2_SDK/lv2 -I/Users/danielraffel/.juce_cache/juce-src/modules/juce_audio_processors/format_types/LV2_SDK/serd -I/Users/danielraffel/.juce_cache/juce-src/modules/juce_audio_processors/format_types/LV2_SDK/sord -I/Users/danielraffel/.juce_cache/juce-src/modules/juce_audio_processors/format_types/LV2_SDK/sord/src -I/Users/danielraffel/.juce_cache/juce-src/modules/juce_audio_processors/format_types/LV2_SDK/sratom -I/Users/danielraffel/.juce_cache/juce-src/modules/juce_audio_processors/format_types/LV2_SDK/lilv -I/Users/danielraffel/.juce_cache/juce-src/modules/juce_audio_processors/format_types/LV2_SDK/lilv/src -I/Users/danielraffel/Code/braidy/build/build/Braidy_Standalone.build/Debug/DerivedSources-normal/arm64 -I/Users/danielraffel/Code/braidy/build/build/Braidy_Standalone.build/Debug/DerivedSources/arm64 -I/Users/danielraffel/Code/braidy/build/build/Braidy_Standalone.build/Debug/DerivedSources -F/Users/danielraffel/Code/braidy/build/Braidy_artefacts/Debug/Standalone '-std=gnu++17' -fPIE '-fvisibility=hidden' -fvisibility-inlines-hidden

WriteAuxiliaryFile /Users/danielraffel/Code/braidy/build/build/Braidy_Standalone.build/Debug/Objects-normal/arm64/82b82416624d2658e5098eb0a28c15c5-common-args.resp (in target 'Braidy_Standalone' from project 'Braidy')
    cd /Users/danielraffel/Code/braidy
    write-file /Users/danielraffel/Code/braidy/build/build/Braidy_Standalone.build/Debug/Objects-normal/arm64/82b82416624d2658e5098eb0a28c15c5-common-args.resp
-target arm64-apple-macos15.0 '-D_LIBCPP_HARDENING_MODE=_LIBCPP_HARDENING_MODE_DEBUG' -fpascal-strings -O0 '-DCMAKE_INTDIR="Debug"' '-DJUCE_GLOBAL_MODULE_SETTINGS_INCLUDED=1' '-DDEBUG=1' '-D_DEBUG=1' '-DJucePlugin_IsSynth=1' '-DJucePlugin_ManufacturerCode=0x4745434f' '-DJucePlugin_Manufacturer="Generous Corp"' '-DJucePlugin_ManufacturerWebsite=""' '-DJucePlugin_ManufacturerEmail=""' '-DJucePlugin_PluginCode=0x42524959' '-DJucePlugin_ProducesMidiOutput=0' '-DJucePlugin_IsMidiEffect=0' '-DJucePlugin_WantsMidiInput=1' '-DJucePlugin_EditorRequiresKeyboardFocus=1' '-DJucePlugin_Name="Braidy"' '-DJucePlugin_Desc="Braidy"' '-DJucePlugin_Version=1.0.213' '-DJucePlugin_VersionString="1.0.213"' '-DJucePlugin_VersionCode=0x100d5' '-DJucePlugin_VSTUniqueID=JucePlugin_PluginCode' '-DJucePlugin_VSTCategory=kPlugCategSynth' '-DJucePlugin_Vst3Category="Instrument|Synth|Generator"' '-DJucePlugin_AUMainType='\'aumu\' '-DJucePlugin_AUSubType=JucePlugin_PluginCode' '-DJucePlugin_AUExportPrefix=BraidyAU' '-DJucePlugin_AUExportPrefixQuoted="BraidyAU"' '-DJucePlugin_AUManufacturerCode=JucePlugin_ManufacturerCode' '-DJucePlugin_CFBundleIdentifier=com.generouscorp.braidy' '-DJucePlugin_AAXIdentifier=com.generouscorp.braidy' '-DJucePlugin_AAXManufacturerCode=JucePlugin_ManufacturerCode' '-DJucePlugin_AAXProductId=JucePlugin_PluginCode' '-DJucePlugin_AAXCategory=2048' '-DJucePlugin_AAXDisableBypass=0' '-DJucePlugin_AAXDisableMultiMono=0' '-DJucePlugin_VSTNumMidiInputs=16' '-DJucePlugin_VSTNumMidiOutputs=16' '-DJucePlugin_Enable_ARA=0' '-DJucePlugin_ARAFactoryID="com.generouscorp.braidy.arafactory.1.0.213"' '-DJucePlugin_ARADocumentArchiveID="com.generouscorp.braidy.aradocumentarchive.1"' '-DJucePlugin_ARACompatibleArchiveIDs=""' '-DJucePlugin_ARAContentTypes=0' '-DJucePlugin_ARATransformationFlags=0' '-DJUCE_VST3_CAN_REPLACE_VST2=0' '-DJUCE_USE_CURL=0' '-DJUCE_WEB_BROWSER=0' '-DJUCE_DISPLAY_SPLASH_SCREEN=0' '-DTEST=1' '-DBRAIDY_ENABLE_ALL_MODELS=1' '-DBRAIDY_ENABLE_POLYPHONY=1' '-DBRAIDY_ENABLE_ADVANCED_UI=1' '-DBRAIDY_ENABLE_PRESET_SYSTEM=1' '-DJUCE_MODULE_AVAILABLE_juce_audio_plugin_client=1' '-DJUCE_MODULE_AVAILABLE_juce_audio_processors=1' '-DJUCE_MODULE_AVAILABLE_juce_gui_extra=1' '-DJUCE_MODULE_AVAILABLE_juce_gui_basics=1' '-DJUCE_MODULE_AVAILABLE_juce_graphics=1' '-DJUCE_MODULE_AVAILABLE_juce_events=1' '-DJUCE_MODULE_AVAILABLE_juce_core=1' '-DJUCE_MODULE_AVAILABLE_juce_data_structures=1' '-DJUCE_MODULE_AVAILABLE_juce_audio_basics=1' '-DJUCE_MODULE_AVAILABLE_juce_audio_devices=1' '-DJUCE_MODULE_AVAILABLE_juce_audio_formats=1' '-DJUCE_MODULE_AVAILABLE_juce_audio_utils=1' '-DJUCE_MODULE_AVAILABLE_juce_dsp=1' '-DJUCE_STANDALONE_APPLICATION=JucePlugin_Build_Standalone' '-DJucePlugin_Build_AU=0' '-DJucePlugin_Build_AUv3=0' '-DJucePlugin_Build_AAX=0' '-DJucePlugin_Build_LV2=0' '-DJucePlugin_Build_Standalone=1' '-DJucePlugin_Build_Unity=0' '-DJucePlugin_Build_VST=0' '-DJucePlugin_Build_VST3=0' -isysroot /Applications/Xcode.app/Contents/Developer/Platforms/MacOSX.platform/Developer/SDKs/MacOSX15.5.sdk -g -I/Users/danielraffel/Code/braidy/build/Braidy_artefacts/Debug/Standalone/include -I/Users/danielraffel/Code/braidy/build/Braidy_artefacts/JuceLibraryCode -I/Users/danielraffel/Code/braidy/eurorack -I/Users/danielraffel/Code/braidy/eurorack/braids -I/Users/danielraffel/Code/braidy/eurorack/stmlib -I/Users/danielraffel/Code/braidy/Source -I/Users/danielraffel/.juce_cache/juce-src/modules -I/Users/danielraffel/.juce_cache/juce-src/modules/juce_audio_processors/format_types/VST3_SDK -I/Users/danielraffel/.juce_cache/juce-src/modules/juce_audio_processors/format_types/LV2_SDK -I/Users/danielraffel/.juce_cache/juce-src/modules/juce_audio_processors/format_types/LV2_SDK/lv2 -I/Users/danielraffel/.juce_cache/juce-src/modules/juce_audio_processors/format_types/LV2_SDK/serd -I/Users/danielraffel/.juce_cache/juce-src/modules/juce_audio_processors/format_types/LV2_SDK/sord -I/Users/danielraffel/.juce_cache/juce-src/modules/juce_audio_processors/format_types/LV2_SDK/sord/src -I/Users/danielraffel/.juce_cache/juce-src/modules/juce_audio_processors/format_types/LV2_SDK/sratom -I/Users/danielraffel/.juce_cache/juce-src/modules/juce_audio_processors/format_types/LV2_SDK/lilv -I/Users/danielraffel/.juce_cache/juce-src/modules/juce_audio_processors/format_types/LV2_SDK/lilv/src -I/Users/danielraffel/Code/braidy/build/build/Braidy_Standalone.build/Debug/DerivedSources-normal/arm64 -I/Users/danielraffel/Code/braidy/build/build/Braidy_Standalone.build/Debug/DerivedSources/arm64 -I/Users/danielraffel/Code/braidy/build/build/Braidy_Standalone.build/Debug/DerivedSources -F/Users/danielraffel/Code/braidy/build/Braidy_artefacts/Debug/Standalone '-std=gnu++17' -fPIE '-fvisibility=hidden' -fvisibility-inlines-hidden

WriteAuxiliaryFile /Users/danielraffel/Code/braidy/build/build/Braidy.build/Debug/Objects-normal/arm64/82b82416624d2658e5098eb0a28c15c5-common-args.resp (in target 'Braidy' from project 'Braidy')
    cd /Users/danielraffel/Code/braidy
    write-file /Users/danielraffel/Code/braidy/build/build/Braidy.build/Debug/Objects-normal/arm64/82b82416624d2658e5098eb0a28c15c5-common-args.resp
-target arm64-apple-macos15.0 '-D_LIBCPP_HARDENING_MODE=_LIBCPP_HARDENING_MODE_DEBUG' -fpascal-strings -O0 '-DCMAKE_INTDIR="Debug"' '-DJucePlugin_Build_AU=1' '-DJucePlugin_Build_AUv3=0' '-DJucePlugin_Build_AAX=0' '-DJucePlugin_Build_LV2=0' '-DJucePlugin_Build_Standalone=1' '-DJucePlugin_Build_Unity=0' '-DJucePlugin_Build_VST=0' '-DJucePlugin_Build_VST3=1' '-DJUCE_SHARED_CODE=1' '-DJUCE_STANDALONE_APPLICATION=JucePlugin_Build_Standalone' '-DJucePlugin_IsSynth=1' '-DJucePlugin_ManufacturerCode=0x4745434f' '-DJucePlugin_Manufacturer="Generous Corp"' '-DJucePlugin_ManufacturerWebsite=""' '-DJucePlugin_ManufacturerEmail=""' '-DJucePlugin_PluginCode=0x42524959' '-DJucePlugin_ProducesMidiOutput=0' '-DJucePlugin_IsMidiEffect=0' '-DJucePlugin_WantsMidiInput=1' '-DJucePlugin_EditorRequiresKeyboardFocus=1' '-DJucePlugin_Name="Braidy"' '-DJucePlugin_Desc="Braidy"' '-DJucePlugin_Version=1.0.213' '-DJucePlugin_VersionString="1.0.213"' '-DJucePlugin_VersionCode=0x100d5' '-DJucePlugin_VSTUniqueID=JucePlugin_PluginCode' '-DJucePlugin_VSTCategory=kPlugCategSynth' '-DJucePlugin_Vst3Category="Instrument|Synth|Generator"' '-DJucePlugin_AUMainType='\'aumu\' '-DJucePlugin_AUSubType=JucePlugin_PluginCode' '-DJucePlugin_AUExportPrefix=BraidyAU' '-DJucePlugin_AUExportPrefixQuoted="BraidyAU"' '-DJucePlugin_AUManufacturerCode=JucePlugin_ManufacturerCode' '-DJucePlugin_CFBundleIdentifier=com.generouscorp.braidy' '-DJucePlugin_AAXIdentifier=com.generouscorp.braidy' '-DJucePlugin_AAXManufacturerCode=JucePlugin_ManufacturerCode' '-DJucePlugin_AAXProductId=JucePlugin_PluginCode' '-DJucePlugin_AAXCategory=2048' '-DJucePlugin_AAXDisableBypass=0' '-DJucePlugin_AAXDisableMultiMono=0' '-DJucePlugin_VSTNumMidiInputs=16' '-DJucePlugin_VSTNumMidiOutputs=16' '-DJucePlugin_Enable_ARA=0' '-DJucePlugin_ARAFactoryID="com.generouscorp.braidy.arafactory.1.0.213"' '-DJucePlugin_ARADocumentArchiveID="com.generouscorp.braidy.aradocumentarchive.1"' '-DJucePlugin_ARACompatibleArchiveIDs=""' '-DJucePlugin_ARAContentTypes=0' '-DJucePlugin_ARATransformationFlags=0' '-DJUCE_VST3_CAN_REPLACE_VST2=0' '-DJUCE_USE_CURL=0' '-DJUCE_WEB_BROWSER=0' '-DJUCE_DISPLAY_SPLASH_SCREEN=0' '-DTEST=1' '-DBRAIDY_ENABLE_ALL_MODELS=1' '-DBRAIDY_ENABLE_POLYPHONY=1' '-DBRAIDY_ENABLE_ADVANCED_UI=1' '-DBRAIDY_ENABLE_PRESET_SYSTEM=1' '-DJUCE_MODULE_AVAILABLE_juce_audio_plugin_client=1' '-DJUCE_MODULE_AVAILABLE_juce_audio_processors=1' '-DJUCE_MODULE_AVAILABLE_juce_gui_extra=1' '-DJUCE_MODULE_AVAILABLE_juce_gui_basics=1' '-DJUCE_MODULE_AVAILABLE_juce_graphics=1' '-DJUCE_MODULE_AVAILABLE_juce_events=1' '-DJUCE_GLOBAL_MODULE_SETTINGS_INCLUDED=1' '-DDEBUG=1' '-D_DEBUG=1' '-DJUCE_MODULE_AVAILABLE_juce_core=1' '-DJUCE_MODULE_AVAILABLE_juce_data_structures=1' '-DJUCE_MODULE_AVAILABLE_juce_audio_basics=1' '-DJUCE_MODULE_AVAILABLE_juce_audio_devices=1' '-DJUCE_MODULE_AVAILABLE_juce_audio_formats=1' '-DJUCE_MODULE_AVAILABLE_juce_audio_utils=1' '-DJUCE_MODULE_AVAILABLE_juce_dsp=1' -isysroot /Applications/Xcode.app/Contents/Developer/Platforms/MacOSX.platform/Developer/SDKs/MacOSX15.5.sdk -g -I/Users/danielraffel/Code/braidy/build/Braidy_artefacts/Debug/include -I/Users/danielraffel/Code/braidy/build/Braidy_artefacts/JuceLibraryCode -I/Users/danielraffel/Code/braidy/eurorack -I/Users/danielraffel/Code/braidy/eurorack/braids -I/Users/danielraffel/Code/braidy/eurorack/stmlib -I/Users/danielraffel/Code/braidy/Source -I/Users/danielraffel/.juce_cache/juce-src/modules -I/Users/danielraffel/.juce_cache/juce-src/modules/juce_audio_processors/format_types/VST3_SDK -I/Users/danielraffel/.juce_cache/juce-src/modules/juce_audio_processors/format_types/LV2_SDK -I/Users/danielraffel/.juce_cache/juce-src/modules/juce_audio_processors/format_types/LV2_SDK/lv2 -I/Users/danielraffel/.juce_cache/juce-src/modules/juce_audio_processors/format_types/LV2_SDK/serd -I/Users/danielraffel/.juce_cache/juce-src/modules/juce_audio_processors/format_types/LV2_SDK/sord -I/Users/danielraffel/.juce_cache/juce-src/modules/juce_audio_processors/format_types/LV2_SDK/sord/src -I/Users/danielraffel/.juce_cache/juce-src/modules/juce_audio_processors/format_types/LV2_SDK/sratom -I/Users/danielraffel/.juce_cache/juce-src/modules/juce_audio_processors/format_types/LV2_SDK/lilv -I/Users/danielraffel/.juce_cache/juce-src/modules/juce_audio_processors/format_types/LV2_SDK/lilv/src -I/Users/danielraffel/Code/braidy/build/build/Braidy.build/Debug/DerivedSources-normal/arm64 -I/Users/danielraffel/Code/braidy/build/build/Braidy.build/Debug/DerivedSources/arm64 -I/Users/danielraffel/Code/braidy/build/build/Braidy.build/Debug/DerivedSources -F/Users/danielraffel/Code/braidy/build/Braidy_artefacts/Debug '-std=gnu++17' -fPIC '-fvisibility=hidden' -fvisibility-inlines-hidden

WriteAuxiliaryFile /Users/danielraffel/Code/braidy/build/build/Braidy.build/Debug/Objects-normal/arm64/af3fcb34312c57c0f52879cdce924b91-common-args.resp (in target 'Braidy' from project 'Braidy')
    cd /Users/danielraffel/Code/braidy
    write-file /Users/danielraffel/Code/braidy/build/build/Braidy.build/Debug/Objects-normal/arm64/af3fcb34312c57c0f52879cdce924b91-common-args.resp
-target arm64-apple-macos15.0 '-D_LIBCPP_HARDENING_MODE=_LIBCPP_HARDENING_MODE_DEBUG' -fpascal-strings -O0 '-DCMAKE_INTDIR="Debug"' '-DJucePlugin_Build_AU=1' '-DJucePlugin_Build_AUv3=0' '-DJucePlugin_Build_AAX=0' '-DJucePlugin_Build_LV2=0' '-DJucePlugin_Build_Standalone=1' '-DJucePlugin_Build_Unity=0' '-DJucePlugin_Build_VST=0' '-DJucePlugin_Build_VST3=1' '-DJUCE_SHARED_CODE=1' '-DJUCE_STANDALONE_APPLICATION=JucePlugin_Build_Standalone' '-DJucePlugin_IsSynth=1' '-DJucePlugin_ManufacturerCode=0x4745434f' '-DJucePlugin_Manufacturer="Generous Corp"' '-DJucePlugin_ManufacturerWebsite=""' '-DJucePlugin_ManufacturerEmail=""' '-DJucePlugin_PluginCode=0x42524959' '-DJucePlugin_ProducesMidiOutput=0' '-DJucePlugin_IsMidiEffect=0' '-DJucePlugin_WantsMidiInput=1' '-DJucePlugin_EditorRequiresKeyboardFocus=1' '-DJucePlugin_Name="Braidy"' '-DJucePlugin_Desc="Braidy"' '-DJucePlugin_Version=1.0.213' '-DJucePlugin_VersionString="1.0.213"' '-DJucePlugin_VersionCode=0x100d5' '-DJucePlugin_VSTUniqueID=JucePlugin_PluginCode' '-DJucePlugin_VSTCategory=kPlugCategSynth' '-DJucePlugin_Vst3Category="Instrument|Synth|Generator"' '-DJucePlugin_AUMainType='\'aumu\' '-DJucePlugin_AUSubType=JucePlugin_PluginCode' '-DJucePlugin_AUExportPrefix=BraidyAU' '-DJucePlugin_AUExportPrefixQuoted="BraidyAU"' '-DJucePlugin_AUManufacturerCode=JucePlugin_ManufacturerCode' '-DJucePlugin_CFBundleIdentifier=com.generouscorp.braidy' '-DJucePlugin_AAXIdentifier=com.generouscorp.braidy' '-DJucePlugin_AAXManufacturerCode=JucePlugin_ManufacturerCode' '-DJucePlugin_AAXProductId=JucePlugin_PluginCode' '-DJucePlugin_AAXCategory=2048' '-DJucePlugin_AAXDisableBypass=0' '-DJucePlugin_AAXDisableMultiMono=0' '-DJucePlugin_VSTNumMidiInputs=16' '-DJucePlugin_VSTNumMidiOutputs=16' '-DJucePlugin_Enable_ARA=0' '-DJucePlugin_ARAFactoryID="com.generouscorp.braidy.arafactory.1.0.213"' '-DJucePlugin_ARADocumentArchiveID="com.generouscorp.braidy.aradocumentarchive.1"' '-DJucePlugin_ARACompatibleArchiveIDs=""' '-DJucePlugin_ARAContentTypes=0' '-DJucePlugin_ARATransformationFlags=0' '-DJUCE_VST3_CAN_REPLACE_VST2=0' '-DJUCE_USE_CURL=0' '-DJUCE_WEB_BROWSER=0' '-DJUCE_DISPLAY_SPLASH_SCREEN=0' '-DTEST=1' '-DBRAIDY_ENABLE_ALL_MODELS=1' '-DBRAIDY_ENABLE_POLYPHONY=1' '-DBRAIDY_ENABLE_ADVANCED_UI=1' '-DBRAIDY_ENABLE_PRESET_SYSTEM=1' '-DJUCE_MODULE_AVAILABLE_juce_audio_plugin_client=1' '-DJUCE_MODULE_AVAILABLE_juce_audio_processors=1' '-DJUCE_MODULE_AVAILABLE_juce_gui_extra=1' '-DJUCE_MODULE_AVAILABLE_juce_gui_basics=1' '-DJUCE_MODULE_AVAILABLE_juce_graphics=1' '-DJUCE_MODULE_AVAILABLE_juce_events=1' '-DJUCE_GLOBAL_MODULE_SETTINGS_INCLUDED=1' '-DDEBUG=1' '-D_DEBUG=1' '-DJUCE_MODULE_AVAILABLE_juce_core=1' '-DJUCE_MODULE_AVAILABLE_juce_data_structures=1' '-DJUCE_MODULE_AVAILABLE_juce_audio_basics=1' '-DJUCE_MODULE_AVAILABLE_juce_audio_devices=1' '-DJUCE_MODULE_AVAILABLE_juce_audio_formats=1' '-DJUCE_MODULE_AVAILABLE_juce_audio_utils=1' '-DJUCE_MODULE_AVAILABLE_juce_dsp=1' '-DOBJC_OLD_DISPATCH_PROTOTYPES=1' -isysroot /Applications/Xcode.app/Contents/Developer/Platforms/MacOSX.platform/Developer/SDKs/MacOSX15.5.sdk -g -I/Users/danielraffel/Code/braidy/build/Braidy_artefacts/Debug/include -I/Users/danielraffel/Code/braidy/build/Braidy_artefacts/JuceLibraryCode -I/Users/danielraffel/Code/braidy/eurorack -I/Users/danielraffel/Code/braidy/eurorack/braids -I/Users/danielraffel/Code/braidy/eurorack/stmlib -I/Users/danielraffel/Code/braidy/Source -I/Users/danielraffel/.juce_cache/juce-src/modules -I/Users/danielraffel/.juce_cache/juce-src/modules/juce_audio_processors/format_types/VST3_SDK -I/Users/danielraffel/.juce_cache/juce-src/modules/juce_audio_processors/format_types/LV2_SDK -I/Users/danielraffel/.juce_cache/juce-src/modules/juce_audio_processors/format_types/LV2_SDK/lv2 -I/Users/danielraffel/.juce_cache/juce-src/modules/juce_audio_processors/format_types/LV2_SDK/serd -I/Users/danielraffel/.juce_cache/juce-src/modules/juce_audio_processors/format_types/LV2_SDK/sord -I/Users/danielraffel/.juce_cache/juce-src/modules/juce_audio_processors/format_types/LV2_SDK/sord/src -I/Users/danielraffel/.juce_cache/juce-src/modules/juce_audio_processors/format_types/LV2_SDK/sratom -I/Users/danielraffel/.juce_cache/juce-src/modules/juce_audio_processors/format_types/LV2_SDK/lilv -I/Users/danielraffel/.juce_cache/juce-src/modules/juce_audio_processors/format_types/LV2_SDK/lilv/src -I/Users/danielraffel/Code/braidy/build/build/Braidy.build/Debug/DerivedSources-normal/arm64 -I/Users/danielraffel/Code/braidy/build/build/Braidy.build/Debug/DerivedSources/arm64 -I/Users/danielraffel/Code/braidy/build/build/Braidy.build/Debug/DerivedSources -F/Users/danielraffel/Code/braidy/build/Braidy_artefacts/Debug '-std=gnu++17' -fPIC '-fvisibility=hidden' -fvisibility-inlines-hidden

WriteAuxiliaryFile /Users/danielraffel/Code/braidy/build/build/Braidy.build/Debug/Objects-normal/arm64/7187679823f38a2a940e0043cdf9d637-common-args.resp (in target 'Braidy' from project 'Braidy')
    cd /Users/danielraffel/Code/braidy
    write-file /Users/danielraffel/Code/braidy/build/build/Braidy.build/Debug/Objects-normal/arm64/7187679823f38a2a940e0043cdf9d637-common-args.resp
-target arm64-apple-macos15.0 -fpascal-strings -O0 '-DCMAKE_INTDIR="Debug"' '-DJucePlugin_Build_AU=1' '-DJucePlugin_Build_AUv3=0' '-DJucePlugin_Build_AAX=0' '-DJucePlugin_Build_LV2=0' '-DJucePlugin_Build_Standalone=1' '-DJucePlugin_Build_Unity=0' '-DJucePlugin_Build_VST=0' '-DJucePlugin_Build_VST3=1' '-DJUCE_SHARED_CODE=1' '-DJUCE_STANDALONE_APPLICATION=JucePlugin_Build_Standalone' '-DJucePlugin_IsSynth=1' '-DJucePlugin_ManufacturerCode=0x4745434f' '-DJucePlugin_Manufacturer="Generous Corp"' '-DJucePlugin_ManufacturerWebsite=""' '-DJucePlugin_ManufacturerEmail=""' '-DJucePlugin_PluginCode=0x42524959' '-DJucePlugin_ProducesMidiOutput=0' '-DJucePlugin_IsMidiEffect=0' '-DJucePlugin_WantsMidiInput=1' '-DJucePlugin_EditorRequiresKeyboardFocus=1' '-DJucePlugin_Name="Braidy"' '-DJucePlugin_Desc="Braidy"' '-DJucePlugin_Version=1.0.213' '-DJucePlugin_VersionString="1.0.213"' '-DJucePlugin_VersionCode=0x100d5' '-DJucePlugin_VSTUniqueID=JucePlugin_PluginCode' '-DJucePlugin_VSTCategory=kPlugCategSynth' '-DJucePlugin_Vst3Category="Instrument|Synth|Generator"' '-DJucePlugin_AUMainType='\'aumu\' '-DJucePlugin_AUSubType=JucePlugin_PluginCode' '-DJucePlugin_AUExportPrefix=BraidyAU' '-DJucePlugin_AUExportPrefixQuoted="BraidyAU"' '-DJucePlugin_AUManufacturerCode=JucePlugin_ManufacturerCode' '-DJucePlugin_CFBundleIdentifier=com.generouscorp.braidy' '-DJucePlugin_AAXIdentifier=com.generouscorp.braidy' '-DJucePlugin_AAXManufacturerCode=JucePlugin_ManufacturerCode' '-DJucePlugin_AAXProductId=JucePlugin_PluginCode' '-DJucePlugin_AAXCategory=2048' '-DJucePlugin_AAXDisableBypass=0' '-DJucePlugin_AAXDisableMultiMono=0' '-DJucePlugin_VSTNumMidiInputs=16' '-DJucePlugin_VSTNumMidiOutputs=16' '-DJucePlugin_Enable_ARA=0' '-DJucePlugin_ARAFactoryID="com.generouscorp.braidy.arafactory.1.0.213"' '-DJucePlugin_ARADocumentArchiveID="com.generouscorp.braidy.aradocumentarchive.1"' '-DJucePlugin_ARACompatibleArchiveIDs=""' '-DJucePlugin_ARAContentTypes=0' '-DJucePlugin_ARATransformationFlags=0' '-DJUCE_VST3_CAN_REPLACE_VST2=0' '-DJUCE_USE_CURL=0' '-DJUCE_WEB_BROWSER=0' '-DJUCE_DISPLAY_SPLASH_SCREEN=0' '-DTEST=1' '-DBRAIDY_ENABLE_ALL_MODELS=1' '-DBRAIDY_ENABLE_POLYPHONY=1' '-DBRAIDY_ENABLE_ADVANCED_UI=1' '-DBRAIDY_ENABLE_PRESET_SYSTEM=1' '-DJUCE_MODULE_AVAILABLE_juce_audio_plugin_client=1' '-DJUCE_MODULE_AVAILABLE_juce_audio_processors=1' '-DJUCE_MODULE_AVAILABLE_juce_gui_extra=1' '-DJUCE_MODULE_AVAILABLE_juce_gui_basics=1' '-DJUCE_MODULE_AVAILABLE_juce_graphics=1' '-DJUCE_MODULE_AVAILABLE_juce_events=1' '-DJUCE_GLOBAL_MODULE_SETTINGS_INCLUDED=1' '-DDEBUG=1' '-D_DEBUG=1' '-DJUCE_MODULE_AVAILABLE_juce_core=1' '-DJUCE_MODULE_AVAILABLE_juce_data_structures=1' '-DJUCE_MODULE_AVAILABLE_juce_audio_basics=1' '-DJUCE_MODULE_AVAILABLE_juce_audio_devices=1' '-DJUCE_MODULE_AVAILABLE_juce_audio_formats=1' '-DJUCE_MODULE_AVAILABLE_juce_audio_utils=1' '-DJUCE_MODULE_AVAILABLE_juce_dsp=1' -isysroot /Applications/Xcode.app/Contents/Developer/Platforms/MacOSX.platform/Developer/SDKs/MacOSX15.5.sdk -g -I/Users/danielraffel/Code/braidy/build/Braidy_artefacts/Debug/include -I/Users/danielraffel/Code/braidy/build/Braidy_artefacts/JuceLibraryCode -I/Users/danielraffel/Code/braidy/eurorack -I/Users/danielraffel/Code/braidy/eurorack/braids -I/Users/danielraffel/Code/braidy/eurorack/stmlib -I/Users/danielraffel/Code/braidy/Source -I/Users/danielraffel/.juce_cache/juce-src/modules -I/Users/danielraffel/.juce_cache/juce-src/modules/juce_audio_processors/format_types/VST3_SDK -I/Users/danielraffel/.juce_cache/juce-src/modules/juce_audio_processors/format_types/LV2_SDK -I/Users/danielraffel/.juce_cache/juce-src/modules/juce_audio_processors/format_types/LV2_SDK/lv2 -I/Users/danielraffel/.juce_cache/juce-src/modules/juce_audio_processors/format_types/LV2_SDK/serd -I/Users/danielraffel/.juce_cache/juce-src/modules/juce_audio_processors/format_types/LV2_SDK/sord -I/Users/danielraffel/.juce_cache/juce-src/modules/juce_audio_processors/format_types/LV2_SDK/sord/src -I/Users/danielraffel/.juce_cache/juce-src/modules/juce_audio_processors/format_types/LV2_SDK/sratom -I/Users/danielraffel/.juce_cache/juce-src/modules/juce_audio_processors/format_types/LV2_SDK/lilv -I/Users/danielraffel/.juce_cache/juce-src/modules/juce_audio_processors/format_types/LV2_SDK/lilv/src -I/Users/danielraffel/Code/braidy/build/build/Braidy.build/Debug/DerivedSources-normal/arm64 -I/Users/danielraffel/Code/braidy/build/build/Braidy.build/Debug/DerivedSources/arm64 -I/Users/danielraffel/Code/braidy/build/build/Braidy.build/Debug/DerivedSources -F/Users/danielraffel/Code/braidy/build/Braidy_artefacts/Debug -fPIC '-fvisibility=hidden'

PhaseScriptExecution Generate\ CMakeFiles/ZERO_CHECK /Users/danielraffel/Code/braidy/build/build/Braidy.build/Debug/ZERO_CHECK.build/Script-FBCC9FE948152C641CA40422.sh (in target 'ZERO_CHECK' from project 'Braidy')
    cd /Users/danielraffel/Code/braidy
    /bin/sh -c /Users/danielraffel/Code/braidy/build/build/Braidy.build/Debug/ZERO_CHECK.build/Script-FBCC9FE948152C641CA40422.sh
/opt/homebrew/bin/cmake -P /Users/danielraffel/Code/braidy/build/CMakeFiles/VerifyGlobs.cmake

PhaseScriptExecution Generate\ Braidy_artefacts/JuceLibraryCode/JuceHeader.h /Users/danielraffel/Code/braidy/build/build/Braidy.build/Debug/Script-BCE38E3FAFBACF980EAFBA22.sh (in target 'Braidy' from project 'Braidy')
    cd /Users/danielraffel/Code/braidy
    /bin/sh -c /Users/danielraffel/Code/braidy/build/build/Braidy.build/Debug/Script-BCE38E3FAFBACF980EAFBA22.sh

CompileC /Users/danielraffel/Code/braidy/build/build/Braidy.build/Debug/Objects-normal/arm64/juce_graphics_Sheenbidi.o /Users/danielraffel/.juce_cache/juce-src/modules/juce_graphics/juce_graphics_Sheenbidi.c normal arm64 c com.apple.compilers.llvm.clang.1_0.compiler (in target 'Braidy' from project 'Braidy')
    cd /Users/danielraffel/Code/braidy
    
    Using response file: /Users/danielraffel/Code/braidy/build/build/Braidy.build/Debug/Objects-normal/arm64/7187679823f38a2a940e0043cdf9d637-common-args.resp
    
    /Applications/Xcode.app/Contents/Developer/Toolchains/XcodeDefault.xctoolchain/usr/bin/clang -x c -ivfsstatcache /Users/danielraffel/Library/Developer/Xcode/DerivedData/SDKStatCaches.noindex/macosx15.5-24F74-8254517eb8b97d462ccbc072ba9094c9.sdkstatcache -fmessage-length\=0 -fdiagnostics-show-note-include-stack -fmacro-backtrace-limit\=0 -fno-color-diagnostics -Wno-trigraphs -Wno-missing-field-initializers -Wno-missing-prototypes -Wno-return-type -Wno-missing-braces -Wparentheses -Wswitch -Wno-unused-function -Wno-unused-label -Wno-unused-parameter -Wno-unused-variable -Wunused-value -Wno-empty-body -Wno-uninitialized -Wno-unknown-pragmas -Wno-shadow -Wno-four-char-constants -Wno-conversion -Wno-constant-conversion -Wno-int-conversion -Wno-bool-conversion -Wno-enum-conversion -Wno-float-conversion -Wno-non-literal-null-conversion -Wno-objc-literal-conversion -Wshorten-64-to-32 -Wpointer-sign -Wno-newline-eof -Wno-implicit-fallthrough -fstrict-aliasing -Wdeprecated-declarations -Wno-sign-conversion -Wno-infinite-recursion -Wno-comma -Wno-block-capture-autoreleasing -Wno-strict-prototypes -Wno-semicolon-before-method-body -index-store-path /Users/danielraffel/Library/Developer/Xcode/DerivedData/Braidy-gjepuomvgkhxdkbmzgcfaogejqgd/Index.noindex/DataStore @/Users/danielraffel/Code/braidy/build/build/Braidy.build/Debug/Objects-normal/arm64/7187679823f38a2a940e0043cdf9d637-common-args.resp -MMD -MT dependencies -MF /Users/danielraffel/Code/braidy/build/build/Braidy.build/Debug/Objects-normal/arm64/juce_graphics_Sheenbidi.d --serialize-diagnostics /Users/danielraffel/Code/braidy/build/build/Braidy.build/Debug/Objects-normal/arm64/juce_graphics_Sheenbidi.dia -c /Users/danielraffel/.juce_cache/juce-src/modules/juce_graphics/juce_graphics_Sheenbidi.c -o /Users/danielraffel/Code/braidy/build/build/Braidy.build/Debug/Objects-normal/arm64/juce_graphics_Sheenbidi.o -index-unit-output-path /Braidy.build/Debug/Objects-normal/arm64/juce_graphics_Sheenbidi.o

CompileC /Users/danielraffel/Code/braidy/build/build/Braidy.build/Debug/Objects-normal/arm64/juce_graphics_Harfbuzz.o /Users/danielraffel/.juce_cache/juce-src/modules/juce_graphics/juce_graphics_Harfbuzz.cpp normal arm64 c++ com.apple.compilers.llvm.clang.1_0.compiler (in target 'Braidy' from project 'Braidy')
    cd /Users/danielraffel/Code/braidy
    
    Using response file: /Users/danielraffel/Code/braidy/build/build/Braidy.build/Debug/Objects-normal/arm64/82b82416624d2658e5098eb0a28c15c5-common-args.resp
    
    /Applications/Xcode.app/Contents/Developer/Toolchains/XcodeDefault.xctoolchain/usr/bin/clang -x c++ -ivfsstatcache /Users/danielraffel/Library/Developer/Xcode/DerivedData/SDKStatCaches.noindex/macosx15.5-24F74-8254517eb8b97d462ccbc072ba9094c9.sdkstatcache -fmessage-length\=0 -fdiagnostics-show-note-include-stack -fmacro-backtrace-limit\=0 -fno-color-diagnostics -Wno-trigraphs -Wno-missing-field-initializers -Wno-missing-prototypes -Wno-return-type -Wno-non-virtual-dtor -Wno-overloaded-virtual -Wno-exit-time-destructors -Wno-missing-braces -Wparentheses -Wswitch -Wno-unused-function -Wno-unused-label -Wno-unused-parameter -Wno-unused-variable -Wunused-value -Wno-empty-body -Wno-uninitialized -Wno-unknown-pragmas -Wno-shadow -Wno-four-char-constants -Wno-conversion -Wno-constant-conversion -Wno-int-conversion -Wno-bool-conversion -Wno-enum-conversion -Wno-float-conversion -Wno-non-literal-null-conversion -Wno-objc-literal-conversion -Wshorten-64-to-32 -Wno-newline-eof -Wno-c++11-extensions -Wno-implicit-fallthrough -fstrict-aliasing -Wdeprecated-declarations -Winvalid-offsetof -Wno-sign-conversion -Wno-infinite-recursion -Wno-move -Wno-comma -Wno-block-capture-autoreleasing -Wno-strict-prototypes -Wno-range-loop-analysis -Wno-semicolon-before-method-body -index-store-path /Users/danielraffel/Library/Developer/Xcode/DerivedData/Braidy-gjepuomvgkhxdkbmzgcfaogejqgd/Index.noindex/DataStore @/Users/danielraffel/Code/braidy/build/build/Braidy.build/Debug/Objects-normal/arm64/82b82416624d2658e5098eb0a28c15c5-common-args.resp -MMD -MT dependencies -MF /Users/danielraffel/Code/braidy/build/build/Braidy.build/Debug/Objects-normal/arm64/juce_graphics_Harfbuzz.d --serialize-diagnostics /Users/danielraffel/Code/braidy/build/build/Braidy.build/Debug/Objects-normal/arm64/juce_graphics_Harfbuzz.dia -c /Users/danielraffel/.juce_cache/juce-src/modules/juce_graphics/juce_graphics_Harfbuzz.cpp -o /Users/danielraffel/Code/braidy/build/build/Braidy.build/Debug/Objects-normal/arm64/juce_graphics_Harfbuzz.o -index-unit-output-path /Braidy.build/Debug/Objects-normal/arm64/juce_graphics_Harfbuzz.o

CompileC /Users/danielraffel/Code/braidy/build/build/Braidy.build/Debug/Objects-normal/arm64/juce_core_CompilationTime.o /Users/danielraffel/.juce_cache/juce-src/modules/juce_core/juce_core_CompilationTime.cpp normal arm64 c++ com.apple.compilers.llvm.clang.1_0.compiler (in target 'Braidy' from project 'Braidy')
    cd /Users/danielraffel/Code/braidy
    
    Using response file: /Users/danielraffel/Code/braidy/build/build/Braidy.build/Debug/Objects-normal/arm64/82b82416624d2658e5098eb0a28c15c5-common-args.resp
    
    /Applications/Xcode.app/Contents/Developer/Toolchains/XcodeDefault.xctoolchain/usr/bin/clang -x c++ -ivfsstatcache /Users/danielraffel/Library/Developer/Xcode/DerivedData/SDKStatCaches.noindex/macosx15.5-24F74-8254517eb8b97d462ccbc072ba9094c9.sdkstatcache -fmessage-length\=0 -fdiagnostics-show-note-include-stack -fmacro-backtrace-limit\=0 -fno-color-diagnostics -Wno-trigraphs -Wno-missing-field-initializers -Wno-missing-prototypes -Wno-return-type -Wno-non-virtual-dtor -Wno-overloaded-virtual -Wno-exit-time-destructors -Wno-missing-braces -Wparentheses -Wswitch -Wno-unused-function -Wno-unused-label -Wno-unused-parameter -Wno-unused-variable -Wunused-value -Wno-empty-body -Wno-uninitialized -Wno-unknown-pragmas -Wno-shadow -Wno-four-char-constants -Wno-conversion -Wno-constant-conversion -Wno-int-conversion -Wno-bool-conversion -Wno-enum-conversion -Wno-float-conversion -Wno-non-literal-null-conversion -Wno-objc-literal-conversion -Wshorten-64-to-32 -Wno-newline-eof -Wno-c++11-extensions -Wno-implicit-fallthrough -fstrict-aliasing -Wdeprecated-declarations -Winvalid-offsetof -Wno-sign-conversion -Wno-infinite-recursion -Wno-move -Wno-comma -Wno-block-capture-autoreleasing -Wno-strict-prototypes -Wno-range-loop-analysis -Wno-semicolon-before-method-body -index-store-path /Users/danielraffel/Library/Developer/Xcode/DerivedData/Braidy-gjepuomvgkhxdkbmzgcfaogejqgd/Index.noindex/DataStore @/Users/danielraffel/Code/braidy/build/build/Braidy.build/Debug/Objects-normal/arm64/82b82416624d2658e5098eb0a28c15c5-common-args.resp -MMD -MT dependencies -MF /Users/danielraffel/Code/braidy/build/build/Braidy.build/Debug/Objects-normal/arm64/juce_core_CompilationTime.d --serialize-diagnostics /Users/danielraffel/Code/braidy/build/build/Braidy.build/Debug/Objects-normal/arm64/juce_core_CompilationTime.dia -c /Users/danielraffel/.juce_cache/juce-src/modules/juce_core/juce_core_CompilationTime.cpp -o /Users/danielraffel/Code/braidy/build/build/Braidy.build/Debug/Objects-normal/arm64/juce_core_CompilationTime.o -index-unit-output-path /Braidy.build/Debug/Objects-normal/arm64/juce_core_CompilationTime.o

CompileC /Users/danielraffel/Code/braidy/build/build/Braidy.build/Debug/Objects-normal/arm64/juce_audio_processors_lv2_libs.o /Users/danielraffel/.juce_cache/juce-src/modules/juce_audio_processors/juce_audio_processors_lv2_libs.cpp normal arm64 c++ com.apple.compilers.llvm.clang.1_0.compiler (in target 'Braidy' from project 'Braidy')
    cd /Users/danielraffel/Code/braidy
    
    Using response file: /Users/danielraffel/Code/braidy/build/build/Braidy.build/Debug/Objects-normal/arm64/82b82416624d2658e5098eb0a28c15c5-common-args.resp
    
    /Applications/Xcode.app/Contents/Developer/Toolchains/XcodeDefault.xctoolchain/usr/bin/clang -x c++ -ivfsstatcache /Users/danielraffel/Library/Developer/Xcode/DerivedData/SDKStatCaches.noindex/macosx15.5-24F74-8254517eb8b97d462ccbc072ba9094c9.sdkstatcache -fmessage-length\=0 -fdiagnostics-show-note-include-stack -fmacro-backtrace-limit\=0 -fno-color-diagnostics -Wno-trigraphs -Wno-missing-field-initializers -Wno-missing-prototypes -Wno-return-type -Wno-non-virtual-dtor -Wno-overloaded-virtual -Wno-exit-time-destructors -Wno-missing-braces -Wparentheses -Wswitch -Wno-unused-function -Wno-unused-label -Wno-unused-parameter -Wno-unused-variable -Wunused-value -Wno-empty-body -Wno-uninitialized -Wno-unknown-pragmas -Wno-shadow -Wno-four-char-constants -Wno-conversion -Wno-constant-conversion -Wno-int-conversion -Wno-bool-conversion -Wno-enum-conversion -Wno-float-conversion -Wno-non-literal-null-conversion -Wno-objc-literal-conversion -Wshorten-64-to-32 -Wno-newline-eof -Wno-c++11-extensions -Wno-implicit-fallthrough -fstrict-aliasing -Wdeprecated-declarations -Winvalid-offsetof -Wno-sign-conversion -Wno-infinite-recursion -Wno-move -Wno-comma -Wno-block-capture-autoreleasing -Wno-strict-prototypes -Wno-range-loop-analysis -Wno-semicolon-before-method-body -index-store-path /Users/danielraffel/Library/Developer/Xcode/DerivedData/Braidy-gjepuomvgkhxdkbmzgcfaogejqgd/Index.noindex/DataStore @/Users/danielraffel/Code/braidy/build/build/Braidy.build/Debug/Objects-normal/arm64/82b82416624d2658e5098eb0a28c15c5-common-args.resp -MMD -MT dependencies -MF /Users/danielraffel/Code/braidy/build/build/Braidy.build/Debug/Objects-normal/arm64/juce_audio_processors_lv2_libs.d --serialize-diagnostics /Users/danielraffel/Code/braidy/build/build/Braidy.build/Debug/Objects-normal/arm64/juce_audio_processors_lv2_libs.dia -c /Users/danielraffel/.juce_cache/juce-src/modules/juce_audio_processors/juce_audio_processors_lv2_libs.cpp -o /Users/danielraffel/Code/braidy/build/build/Braidy.build/Debug/Objects-normal/arm64/juce_audio_processors_lv2_libs.o -index-unit-output-path /Braidy.build/Debug/Objects-normal/arm64/juce_audio_processors_lv2_libs.o

CompileC /Users/danielraffel/Code/braidy/build/build/Braidy.build/Debug/Objects-normal/arm64/stmlib_stubs.o /Users/danielraffel/Code/braidy/Source/adapters/stmlib_stubs.cpp normal arm64 c++ com.apple.compilers.llvm.clang.1_0.compiler (in target 'Braidy' from project 'Braidy')
    cd /Users/danielraffel/Code/braidy
    
    Using response file: /Users/danielraffel/Code/braidy/build/build/Braidy.build/Debug/Objects-normal/arm64/82b82416624d2658e5098eb0a28c15c5-common-args.resp
    
    /Applications/Xcode.app/Contents/Developer/Toolchains/XcodeDefault.xctoolchain/usr/bin/clang -x c++ -ivfsstatcache /Users/danielraffel/Library/Developer/Xcode/DerivedData/SDKStatCaches.noindex/macosx15.5-24F74-8254517eb8b97d462ccbc072ba9094c9.sdkstatcache -fmessage-length\=0 -fdiagnostics-show-note-include-stack -fmacro-backtrace-limit\=0 -fno-color-diagnostics -Wno-trigraphs -Wno-missing-field-initializers -Wno-missing-prototypes -Wno-return-type -Wno-non-virtual-dtor -Wno-overloaded-virtual -Wno-exit-time-destructors -Wno-missing-braces -Wparentheses -Wswitch -Wno-unused-function -Wno-unused-label -Wno-unused-parameter -Wno-unused-variable -Wunused-value -Wno-empty-body -Wno-uninitialized -Wno-unknown-pragmas -Wno-shadow -Wno-four-char-constants -Wno-conversion -Wno-constant-conversion -Wno-int-conversion -Wno-bool-conversion -Wno-enum-conversion -Wno-float-conversion -Wno-non-literal-null-conversion -Wno-objc-literal-conversion -Wshorten-64-to-32 -Wno-newline-eof -Wno-c++11-extensions -Wno-implicit-fallthrough -fstrict-aliasing -Wdeprecated-declarations -Winvalid-offsetof -Wno-sign-conversion -Wno-infinite-recursion -Wno-move -Wno-comma -Wno-block-capture-autoreleasing -Wno-strict-prototypes -Wno-range-loop-analysis -Wno-semicolon-before-method-body -index-store-path /Users/danielraffel/Library/Developer/Xcode/DerivedData/Braidy-gjepuomvgkhxdkbmzgcfaogejqgd/Index.noindex/DataStore @/Users/danielraffel/Code/braidy/build/build/Braidy.build/Debug/Objects-normal/arm64/82b82416624d2658e5098eb0a28c15c5-common-args.resp -MMD -MT dependencies -MF /Users/danielraffel/Code/braidy/build/build/Braidy.build/Debug/Objects-normal/arm64/stmlib_stubs.d --serialize-diagnostics /Users/danielraffel/Code/braidy/build/build/Braidy.build/Debug/Objects-normal/arm64/stmlib_stubs.dia -c /Users/danielraffel/Code/braidy/Source/adapters/stmlib_stubs.cpp -o /Users/danielraffel/Code/braidy/build/build/Braidy.build/Debug/Objects-normal/arm64/stmlib_stubs.o -index-unit-output-path /Braidy.build/Debug/Objects-normal/arm64/stmlib_stubs.o

CompileC /Users/danielraffel/Code/braidy/build/build/Braidy.build/Debug/Objects-normal/arm64/juce_gui_extra.o /Users/danielraffel/.juce_cache/juce-src/modules/juce_gui_extra/juce_gui_extra.mm normal arm64 objective-c++ com.apple.compilers.llvm.clang.1_0.compiler (in target 'Braidy' from project 'Braidy')
    cd /Users/danielraffel/Code/braidy
    
    Using response file: /Users/danielraffel/Code/braidy/build/build/Braidy.build/Debug/Objects-normal/arm64/af3fcb34312c57c0f52879cdce924b91-common-args.resp
    
    /Applications/Xcode.app/Contents/Developer/Toolchains/XcodeDefault.xctoolchain/usr/bin/clang -x objective-c++ -ivfsstatcache /Users/danielraffel/Library/Developer/Xcode/DerivedData/SDKStatCaches.noindex/macosx15.5-24F74-8254517eb8b97d462ccbc072ba9094c9.sdkstatcache -fmessage-length\=0 -fdiagnostics-show-note-include-stack -fmacro-backtrace-limit\=0 -fno-color-diagnostics -Wno-trigraphs -Wno-missing-field-initializers -Wno-missing-prototypes -Wno-return-type -Wno-implicit-atomic-properties -Wno-objc-interface-ivars -Wno-arc-repeated-use-of-weak -Wno-non-virtual-dtor -Wno-overloaded-virtual -Wno-exit-time-destructors -Wno-missing-braces -Wparentheses -Wswitch -Wno-unused-function -Wno-unused-label -Wno-unused-parameter -Wno-unused-variable -Wunused-value -Wno-empty-body -Wno-uninitialized -Wno-unknown-pragmas -Wno-shadow -Wno-four-char-constants -Wno-conversion -Wno-constant-conversion -Wno-int-conversion -Wno-bool-conversion -Wno-enum-conversion -Wno-float-conversion -Wno-non-literal-null-conversion -Wno-objc-literal-conversion -Wshorten-64-to-32 -Wno-newline-eof -Wno-selector -Wno-strict-selector-match -Wno-undeclared-selector -Wno-deprecated-implementations -Wno-c++11-extensions -Wno-implicit-fallthrough -fstrict-aliasing -Wprotocol -Wdeprecated-declarations -Winvalid-offsetof -Wno-sign-conversion -Wno-infinite-recursion -Wno-move -Wno-comma -Wno-block-capture-autoreleasing -Wno-strict-prototypes -Wno-range-loop-analysis -Wno-semicolon-before-method-body -index-store-path /Users/danielraffel/Library/Developer/Xcode/DerivedData/Braidy-gjepuomvgkhxdkbmzgcfaogejqgd/Index.noindex/DataStore @/Users/danielraffel/Code/braidy/build/build/Braidy.build/Debug/Objects-normal/arm64/af3fcb34312c57c0f52879cdce924b91-common-args.resp -MMD -MT dependencies -MF /Users/danielraffel/Code/braidy/build/build/Braidy.build/Debug/Objects-normal/arm64/juce_gui_extra.d --serialize-diagnostics /Users/danielraffel/Code/braidy/build/build/Braidy.build/Debug/Objects-normal/arm64/juce_gui_extra.dia -c /Users/danielraffel/.juce_cache/juce-src/modules/juce_gui_extra/juce_gui_extra.mm -o /Users/danielraffel/Code/braidy/build/build/Braidy.build/Debug/Objects-normal/arm64/juce_gui_extra.o -index-unit-output-path /Braidy.build/Debug/Objects-normal/arm64/juce_gui_extra.o

CompileC /Users/danielraffel/Code/braidy/build/build/Braidy.build/Debug/Objects-normal/arm64/juce_gui_basics.o /Users/danielraffel/.juce_cache/juce-src/modules/juce_gui_basics/juce_gui_basics.mm normal arm64 objective-c++ com.apple.compilers.llvm.clang.1_0.compiler (in target 'Braidy' from project 'Braidy')
    cd /Users/danielraffel/Code/braidy
    
    Using response file: /Users/danielraffel/Code/braidy/build/build/Braidy.build/Debug/Objects-normal/arm64/af3fcb34312c57c0f52879cdce924b91-common-args.resp
    
    /Applications/Xcode.app/Contents/Developer/Toolchains/XcodeDefault.xctoolchain/usr/bin/clang -x objective-c++ -ivfsstatcache /Users/danielraffel/Library/Developer/Xcode/DerivedData/SDKStatCaches.noindex/macosx15.5-24F74-8254517eb8b97d462ccbc072ba9094c9.sdkstatcache -fmessage-length\=0 -fdiagnostics-show-note-include-stack -fmacro-backtrace-limit\=0 -fno-color-diagnostics -Wno-trigraphs -Wno-missing-field-initializers -Wno-missing-prototypes -Wno-return-type -Wno-implicit-atomic-properties -Wno-objc-interface-ivars -Wno-arc-repeated-use-of-weak -Wno-non-virtual-dtor -Wno-overloaded-virtual -Wno-exit-time-destructors -Wno-missing-braces -Wparentheses -Wswitch -Wno-unused-function -Wno-unused-label -Wno-unused-parameter -Wno-unused-variable -Wunused-value -Wno-empty-body -Wno-uninitialized -Wno-unknown-pragmas -Wno-shadow -Wno-four-char-constants -Wno-conversion -Wno-constant-conversion -Wno-int-conversion -Wno-bool-conversion -Wno-enum-conversion -Wno-float-conversion -Wno-non-literal-null-conversion -Wno-objc-literal-conversion -Wshorten-64-to-32 -Wno-newline-eof -Wno-selector -Wno-strict-selector-match -Wno-undeclared-selector -Wno-deprecated-implementations -Wno-c++11-extensions -Wno-implicit-fallthrough -fstrict-aliasing -Wprotocol -Wdeprecated-declarations -Winvalid-offsetof -Wno-sign-conversion -Wno-infinite-recursion -Wno-move -Wno-comma -Wno-block-capture-autoreleasing -Wno-strict-prototypes -Wno-range-loop-analysis -Wno-semicolon-before-method-body -index-store-path /Users/danielraffel/Library/Developer/Xcode/DerivedData/Braidy-gjepuomvgkhxdkbmzgcfaogejqgd/Index.noindex/DataStore @/Users/danielraffel/Code/braidy/build/build/Braidy.build/Debug/Objects-normal/arm64/af3fcb34312c57c0f52879cdce924b91-common-args.resp -MMD -MT dependencies -MF /Users/danielraffel/Code/braidy/build/build/Braidy.build/Debug/Objects-normal/arm64/juce_gui_basics.d --serialize-diagnostics /Users/danielraffel/Code/braidy/build/build/Braidy.build/Debug/Objects-normal/arm64/juce_gui_basics.dia -c /Users/danielraffel/.juce_cache/juce-src/modules/juce_gui_basics/juce_gui_basics.mm -o /Users/danielraffel/Code/braidy/build/build/Braidy.build/Debug/Objects-normal/arm64/juce_gui_basics.o -index-unit-output-path /Braidy.build/Debug/Objects-normal/arm64/juce_gui_basics.o
In file included from /Users/danielraffel/.juce_cache/juce-src/modules/juce_gui_basics/juce_gui_basics.mm:35:
/Users/danielraffel/.juce_cache/juce-src/modules/juce_gui_basics/juce_gui_basics.cpp:61:2: warning: This version of JUCE does not use the splash screen, the flag JUCE_DISPLAY_SPLASH_SCREEN is ignored [-W#pragma-messages]
   61 |  JUCE_COMPILER_WARNING ("This version of JUCE does not use the splash screen, the flag JUCE_DISPLAY_SPLASH_SCREEN is ignored")
      |  ^
In file included from /Users/danielraffel/.juce_cache/juce-src/modules/juce_gui_basics/juce_gui_basics.mm:35:
In file included from /Users/danielraffel/.juce_cache/juce-src/modules/juce_gui_basics/juce_gui_basics.cpp:55:
In file included from /Users/danielraffel/.juce_cache/juce-src/modules/juce_gui_basics/juce_gui_basics.h:68:
In file included from /Users/danielraffel/.juce_cache/juce-src/modules/juce_graphics/juce_graphics.h:67:
In file included from /Users/danielraffel/.juce_cache/juce-src/modules/juce_core/juce_core.h:215:
In file included from /Users/danielraffel/.juce_cache/juce-src/modules/juce_core/system/juce_StandardHeader.h:95:
/Users/danielraffel/.juce_cache/juce-src/modules/juce_core/system/juce_PlatformDefs.h:286:38: note: expanded from macro 'JUCE_COMPILER_WARNING'
  286 |  #define JUCE_COMPILER_WARNING(msg)  _Pragma (JUCE_STRINGIFY (message (msg)))
      |                                      ^
<scratch space>:27:2: note: expanded from here
   27 |  message ("This version of JUCE does not use the splash screen, the flag JUCE_DISPLAY_SPLASH_SCREEN is ignored")
      |  ^
1 warning generated.

CompileC /Users/danielraffel/Code/braidy/build/build/Braidy.build/Debug/Objects-normal/arm64/juce_graphics.o /Users/danielraffel/.juce_cache/juce-src/modules/juce_graphics/juce_graphics.mm normal arm64 objective-c++ com.apple.compilers.llvm.clang.1_0.compiler (in target 'Braidy' from project 'Braidy')
    cd /Users/danielraffel/Code/braidy
    
    Using response file: /Users/danielraffel/Code/braidy/build/build/Braidy.build/Debug/Objects-normal/arm64/af3fcb34312c57c0f52879cdce924b91-common-args.resp
    
    /Applications/Xcode.app/Contents/Developer/Toolchains/XcodeDefault.xctoolchain/usr/bin/clang -x objective-c++ -ivfsstatcache /Users/danielraffel/Library/Developer/Xcode/DerivedData/SDKStatCaches.noindex/macosx15.5-24F74-8254517eb8b97d462ccbc072ba9094c9.sdkstatcache -fmessage-length\=0 -fdiagnostics-show-note-include-stack -fmacro-backtrace-limit\=0 -fno-color-diagnostics -Wno-trigraphs -Wno-missing-field-initializers -Wno-missing-prototypes -Wno-return-type -Wno-implicit-atomic-properties -Wno-objc-interface-ivars -Wno-arc-repeated-use-of-weak -Wno-non-virtual-dtor -Wno-overloaded-virtual -Wno-exit-time-destructors -Wno-missing-braces -Wparentheses -Wswitch -Wno-unused-function -Wno-unused-label -Wno-unused-parameter -Wno-unused-variable -Wunused-value -Wno-empty-body -Wno-uninitialized -Wno-unknown-pragmas -Wno-shadow -Wno-four-char-constants -Wno-conversion -Wno-constant-conversion -Wno-int-conversion -Wno-bool-conversion -Wno-enum-conversion -Wno-float-conversion -Wno-non-literal-null-conversion -Wno-objc-literal-conversion -Wshorten-64-to-32 -Wno-newline-eof -Wno-selector -Wno-strict-selector-match -Wno-undeclared-selector -Wno-deprecated-implementations -Wno-c++11-extensions -Wno-implicit-fallthrough -fstrict-aliasing -Wprotocol -Wdeprecated-declarations -Winvalid-offsetof -Wno-sign-conversion -Wno-infinite-recursion -Wno-move -Wno-comma -Wno-block-capture-autoreleasing -Wno-strict-prototypes -Wno-range-loop-analysis -Wno-semicolon-before-method-body -index-store-path /Users/danielraffel/Library/Developer/Xcode/DerivedData/Braidy-gjepuomvgkhxdkbmzgcfaogejqgd/Index.noindex/DataStore @/Users/danielraffel/Code/braidy/build/build/Braidy.build/Debug/Objects-normal/arm64/af3fcb34312c57c0f52879cdce924b91-common-args.resp -MMD -MT dependencies -MF /Users/danielraffel/Code/braidy/build/build/Braidy.build/Debug/Objects-normal/arm64/juce_graphics.d --serialize-diagnostics /Users/danielraffel/Code/braidy/build/build/Braidy.build/Debug/Objects-normal/arm64/juce_graphics.dia -c /Users/danielraffel/.juce_cache/juce-src/modules/juce_graphics/juce_graphics.mm -o /Users/danielraffel/Code/braidy/build/build/Braidy.build/Debug/Objects-normal/arm64/juce_graphics.o -index-unit-output-path /Braidy.build/Debug/Objects-normal/arm64/juce_graphics.o

CompileC /Users/danielraffel/Code/braidy/build/build/Braidy.build/Debug/Objects-normal/arm64/juce_events.o /Users/danielraffel/.juce_cache/juce-src/modules/juce_events/juce_events.mm normal arm64 objective-c++ com.apple.compilers.llvm.clang.1_0.compiler (in target 'Braidy' from project 'Braidy')
    cd /Users/danielraffel/Code/braidy
    
    Using response file: /Users/danielraffel/Code/braidy/build/build/Braidy.build/Debug/Objects-normal/arm64/af3fcb34312c57c0f52879cdce924b91-common-args.resp
    
    /Applications/Xcode.app/Contents/Developer/Toolchains/XcodeDefault.xctoolchain/usr/bin/clang -x objective-c++ -ivfsstatcache /Users/danielraffel/Library/Developer/Xcode/DerivedData/SDKStatCaches.noindex/macosx15.5-24F74-8254517eb8b97d462ccbc072ba9094c9.sdkstatcache -fmessage-length\=0 -fdiagnostics-show-note-include-stack -fmacro-backtrace-limit\=0 -fno-color-diagnostics -Wno-trigraphs -Wno-missing-field-initializers -Wno-missing-prototypes -Wno-return-type -Wno-implicit-atomic-properties -Wno-objc-interface-ivars -Wno-arc-repeated-use-of-weak -Wno-non-virtual-dtor -Wno-overloaded-virtual -Wno-exit-time-destructors -Wno-missing-braces -Wparentheses -Wswitch -Wno-unused-function -Wno-unused-label -Wno-unused-parameter -Wno-unused-variable -Wunused-value -Wno-empty-body -Wno-uninitialized -Wno-unknown-pragmas -Wno-shadow -Wno-four-char-constants -Wno-conversion -Wno-constant-conversion -Wno-int-conversion -Wno-bool-conversion -Wno-enum-conversion -Wno-float-conversion -Wno-non-literal-null-conversion -Wno-objc-literal-conversion -Wshorten-64-to-32 -Wno-newline-eof -Wno-selector -Wno-strict-selector-match -Wno-undeclared-selector -Wno-deprecated-implementations -Wno-c++11-extensions -Wno-implicit-fallthrough -fstrict-aliasing -Wprotocol -Wdeprecated-declarations -Winvalid-offsetof -Wno-sign-conversion -Wno-infinite-recursion -Wno-move -Wno-comma -Wno-block-capture-autoreleasing -Wno-strict-prototypes -Wno-range-loop-analysis -Wno-semicolon-before-method-body -index-store-path /Users/danielraffel/Library/Developer/Xcode/DerivedData/Braidy-gjepuomvgkhxdkbmzgcfaogejqgd/Index.noindex/DataStore @/Users/danielraffel/Code/braidy/build/build/Braidy.build/Debug/Objects-normal/arm64/af3fcb34312c57c0f52879cdce924b91-common-args.resp -MMD -MT dependencies -MF /Users/danielraffel/Code/braidy/build/build/Braidy.build/Debug/Objects-normal/arm64/juce_events.d --serialize-diagnostics /Users/danielraffel/Code/braidy/build/build/Braidy.build/Debug/Objects-normal/arm64/juce_events.dia -c /Users/danielraffel/.juce_cache/juce-src/modules/juce_events/juce_events.mm -o /Users/danielraffel/Code/braidy/build/build/Braidy.build/Debug/Objects-normal/arm64/juce_events.o -index-unit-output-path /Braidy.build/Debug/Objects-normal/arm64/juce_events.o

CompileC /Users/danielraffel/Code/braidy/build/build/Braidy.build/Debug/Objects-normal/arm64/juce_dsp.o /Users/danielraffel/.juce_cache/juce-src/modules/juce_dsp/juce_dsp.mm normal arm64 objective-c++ com.apple.compilers.llvm.clang.1_0.compiler (in target 'Braidy' from project 'Braidy')
    cd /Users/danielraffel/Code/braidy
    
    Using response file: /Users/danielraffel/Code/braidy/build/build/Braidy.build/Debug/Objects-normal/arm64/af3fcb34312c57c0f52879cdce924b91-common-args.resp
    
    /Applications/Xcode.app/Contents/Developer/Toolchains/XcodeDefault.xctoolchain/usr/bin/clang -x objective-c++ -ivfsstatcache /Users/danielraffel/Library/Developer/Xcode/DerivedData/SDKStatCaches.noindex/macosx15.5-24F74-8254517eb8b97d462ccbc072ba9094c9.sdkstatcache -fmessage-length\=0 -fdiagnostics-show-note-include-stack -fmacro-backtrace-limit\=0 -fno-color-diagnostics -Wno-trigraphs -Wno-missing-field-initializers -Wno-missing-prototypes -Wno-return-type -Wno-implicit-atomic-properties -Wno-objc-interface-ivars -Wno-arc-repeated-use-of-weak -Wno-non-virtual-dtor -Wno-overloaded-virtual -Wno-exit-time-destructors -Wno-missing-braces -Wparentheses -Wswitch -Wno-unused-function -Wno-unused-label -Wno-unused-parameter -Wno-unused-variable -Wunused-value -Wno-empty-body -Wno-uninitialized -Wno-unknown-pragmas -Wno-shadow -Wno-four-char-constants -Wno-conversion -Wno-constant-conversion -Wno-int-conversion -Wno-bool-conversion -Wno-enum-conversion -Wno-float-conversion -Wno-non-literal-null-conversion -Wno-objc-literal-conversion -Wshorten-64-to-32 -Wno-newline-eof -Wno-selector -Wno-strict-selector-match -Wno-undeclared-selector -Wno-deprecated-implementations -Wno-c++11-extensions -Wno-implicit-fallthrough -fstrict-aliasing -Wprotocol -Wdeprecated-declarations -Winvalid-offsetof -Wno-sign-conversion -Wno-infinite-recursion -Wno-move -Wno-comma -Wno-block-capture-autoreleasing -Wno-strict-prototypes -Wno-range-loop-analysis -Wno-semicolon-before-method-body -index-store-path /Users/danielraffel/Library/Developer/Xcode/DerivedData/Braidy-gjepuomvgkhxdkbmzgcfaogejqgd/Index.noindex/DataStore @/Users/danielraffel/Code/braidy/build/build/Braidy.build/Debug/Objects-normal/arm64/af3fcb34312c57c0f52879cdce924b91-common-args.resp -MMD -MT dependencies -MF /Users/danielraffel/Code/braidy/build/build/Braidy.build/Debug/Objects-normal/arm64/juce_dsp.d --serialize-diagnostics /Users/danielraffel/Code/braidy/build/build/Braidy.build/Debug/Objects-normal/arm64/juce_dsp.dia -c /Users/danielraffel/.juce_cache/juce-src/modules/juce_dsp/juce_dsp.mm -o /Users/danielraffel/Code/braidy/build/build/Braidy.build/Debug/Objects-normal/arm64/juce_dsp.o -index-unit-output-path /Braidy.build/Debug/Objects-normal/arm64/juce_dsp.o

CompileC /Users/danielraffel/Code/braidy/build/build/Braidy.build/Debug/Objects-normal/arm64/juce_data_structures.o /Users/danielraffel/.juce_cache/juce-src/modules/juce_data_structures/juce_data_structures.mm normal arm64 objective-c++ com.apple.compilers.llvm.clang.1_0.compiler (in target 'Braidy' from project 'Braidy')
    cd /Users/danielraffel/Code/braidy
    
    Using response file: /Users/danielraffel/Code/braidy/build/build/Braidy.build/Debug/Objects-normal/arm64/af3fcb34312c57c0f52879cdce924b91-common-args.resp
    
    /Applications/Xcode.app/Contents/Developer/Toolchains/XcodeDefault.xctoolchain/usr/bin/clang -x objective-c++ -ivfsstatcache /Users/danielraffel/Library/Developer/Xcode/DerivedData/SDKStatCaches.noindex/macosx15.5-24F74-8254517eb8b97d462ccbc072ba9094c9.sdkstatcache -fmessage-length\=0 -fdiagnostics-show-note-include-stack -fmacro-backtrace-limit\=0 -fno-color-diagnostics -Wno-trigraphs -Wno-missing-field-initializers -Wno-missing-prototypes -Wno-return-type -Wno-implicit-atomic-properties -Wno-objc-interface-ivars -Wno-arc-repeated-use-of-weak -Wno-non-virtual-dtor -Wno-overloaded-virtual -Wno-exit-time-destructors -Wno-missing-braces -Wparentheses -Wswitch -Wno-unused-function -Wno-unused-label -Wno-unused-parameter -Wno-unused-variable -Wunused-value -Wno-empty-body -Wno-uninitialized -Wno-unknown-pragmas -Wno-shadow -Wno-four-char-constants -Wno-conversion -Wno-constant-conversion -Wno-int-conversion -Wno-bool-conversion -Wno-enum-conversion -Wno-float-conversion -Wno-non-literal-null-conversion -Wno-objc-literal-conversion -Wshorten-64-to-32 -Wno-newline-eof -Wno-selector -Wno-strict-selector-match -Wno-undeclared-selector -Wno-deprecated-implementations -Wno-c++11-extensions -Wno-implicit-fallthrough -fstrict-aliasing -Wprotocol -Wdeprecated-declarations -Winvalid-offsetof -Wno-sign-conversion -Wno-infinite-recursion -Wno-move -Wno-comma -Wno-block-capture-autoreleasing -Wno-strict-prototypes -Wno-range-loop-analysis -Wno-semicolon-before-method-body -index-store-path /Users/danielraffel/Library/Developer/Xcode/DerivedData/Braidy-gjepuomvgkhxdkbmzgcfaogejqgd/Index.noindex/DataStore @/Users/danielraffel/Code/braidy/build/build/Braidy.build/Debug/Objects-normal/arm64/af3fcb34312c57c0f52879cdce924b91-common-args.resp -MMD -MT dependencies -MF /Users/danielraffel/Code/braidy/build/build/Braidy.build/Debug/Objects-normal/arm64/juce_data_structures.d --serialize-diagnostics /Users/danielraffel/Code/braidy/build/build/Braidy.build/Debug/Objects-normal/arm64/juce_data_structures.dia -c /Users/danielraffel/.juce_cache/juce-src/modules/juce_data_structures/juce_data_structures.mm -o /Users/danielraffel/Code/braidy/build/build/Braidy.build/Debug/Objects-normal/arm64/juce_data_structures.o -index-unit-output-path /Braidy.build/Debug/Objects-normal/arm64/juce_data_structures.o

CompileC /Users/danielraffel/Code/braidy/build/build/Braidy.build/Debug/Objects-normal/arm64/juce_core.o /Users/danielraffel/.juce_cache/juce-src/modules/juce_core/juce_core.mm normal arm64 objective-c++ com.apple.compilers.llvm.clang.1_0.compiler (in target 'Braidy' from project 'Braidy')
    cd /Users/danielraffel/Code/braidy
    
    Using response file: /Users/danielraffel/Code/braidy/build/build/Braidy.build/Debug/Objects-normal/arm64/af3fcb34312c57c0f52879cdce924b91-common-args.resp
    
    /Applications/Xcode.app/Contents/Developer/Toolchains/XcodeDefault.xctoolchain/usr/bin/clang -x objective-c++ -ivfsstatcache /Users/danielraffel/Library/Developer/Xcode/DerivedData/SDKStatCaches.noindex/macosx15.5-24F74-8254517eb8b97d462ccbc072ba9094c9.sdkstatcache -fmessage-length\=0 -fdiagnostics-show-note-include-stack -fmacro-backtrace-limit\=0 -fno-color-diagnostics -Wno-trigraphs -Wno-missing-field-initializers -Wno-missing-prototypes -Wno-return-type -Wno-implicit-atomic-properties -Wno-objc-interface-ivars -Wno-arc-repeated-use-of-weak -Wno-non-virtual-dtor -Wno-overloaded-virtual -Wno-exit-time-destructors -Wno-missing-braces -Wparentheses -Wswitch -Wno-unused-function -Wno-unused-label -Wno-unused-parameter -Wno-unused-variable -Wunused-value -Wno-empty-body -Wno-uninitialized -Wno-unknown-pragmas -Wno-shadow -Wno-four-char-constants -Wno-conversion -Wno-constant-conversion -Wno-int-conversion -Wno-bool-conversion -Wno-enum-conversion -Wno-float-conversion -Wno-non-literal-null-conversion -Wno-objc-literal-conversion -Wshorten-64-to-32 -Wno-newline-eof -Wno-selector -Wno-strict-selector-match -Wno-undeclared-selector -Wno-deprecated-implementations -Wno-c++11-extensions -Wno-implicit-fallthrough -fstrict-aliasing -Wprotocol -Wdeprecated-declarations -Winvalid-offsetof -Wno-sign-conversion -Wno-infinite-recursion -Wno-move -Wno-comma -Wno-block-capture-autoreleasing -Wno-strict-prototypes -Wno-range-loop-analysis -Wno-semicolon-before-method-body -index-store-path /Users/danielraffel/Library/Developer/Xcode/DerivedData/Braidy-gjepuomvgkhxdkbmzgcfaogejqgd/Index.noindex/DataStore @/Users/danielraffel/Code/braidy/build/build/Braidy.build/Debug/Objects-normal/arm64/af3fcb34312c57c0f52879cdce924b91-common-args.resp -MMD -MT dependencies -MF /Users/danielraffel/Code/braidy/build/build/Braidy.build/Debug/Objects-normal/arm64/juce_core.d --serialize-diagnostics /Users/danielraffel/Code/braidy/build/build/Braidy.build/Debug/Objects-normal/arm64/juce_core.dia -c /Users/danielraffel/.juce_cache/juce-src/modules/juce_core/juce_core.mm -o /Users/danielraffel/Code/braidy/build/build/Braidy.build/Debug/Objects-normal/arm64/juce_core.o -index-unit-output-path /Braidy.build/Debug/Objects-normal/arm64/juce_core.o

CompileC /Users/danielraffel/Code/braidy/build/build/Braidy.build/Debug/Objects-normal/arm64/juce_audio_utils.o /Users/danielraffel/.juce_cache/juce-src/modules/juce_audio_utils/juce_audio_utils.mm normal arm64 objective-c++ com.apple.compilers.llvm.clang.1_0.compiler (in target 'Braidy' from project 'Braidy')
    cd /Users/danielraffel/Code/braidy
    
    Using response file: /Users/danielraffel/Code/braidy/build/build/Braidy.build/Debug/Objects-normal/arm64/af3fcb34312c57c0f52879cdce924b91-common-args.resp
    
    /Applications/Xcode.app/Contents/Developer/Toolchains/XcodeDefault.xctoolchain/usr/bin/clang -x objective-c++ -ivfsstatcache /Users/danielraffel/Library/Developer/Xcode/DerivedData/SDKStatCaches.noindex/macosx15.5-24F74-8254517eb8b97d462ccbc072ba9094c9.sdkstatcache -fmessage-length\=0 -fdiagnostics-show-note-include-stack -fmacro-backtrace-limit\=0 -fno-color-diagnostics -Wno-trigraphs -Wno-missing-field-initializers -Wno-missing-prototypes -Wno-return-type -Wno-implicit-atomic-properties -Wno-objc-interface-ivars -Wno-arc-repeated-use-of-weak -Wno-non-virtual-dtor -Wno-overloaded-virtual -Wno-exit-time-destructors -Wno-missing-braces -Wparentheses -Wswitch -Wno-unused-function -Wno-unused-label -Wno-unused-parameter -Wno-unused-variable -Wunused-value -Wno-empty-body -Wno-uninitialized -Wno-unknown-pragmas -Wno-shadow -Wno-four-char-constants -Wno-conversion -Wno-constant-conversion -Wno-int-conversion -Wno-bool-conversion -Wno-enum-conversion -Wno-float-conversion -Wno-non-literal-null-conversion -Wno-objc-literal-conversion -Wshorten-64-to-32 -Wno-newline-eof -Wno-selector -Wno-strict-selector-match -Wno-undeclared-selector -Wno-deprecated-implementations -Wno-c++11-extensions -Wno-implicit-fallthrough -fstrict-aliasing -Wprotocol -Wdeprecated-declarations -Winvalid-offsetof -Wno-sign-conversion -Wno-infinite-recursion -Wno-move -Wno-comma -Wno-block-capture-autoreleasing -Wno-strict-prototypes -Wno-range-loop-analysis -Wno-semicolon-before-method-body -index-store-path /Users/danielraffel/Library/Developer/Xcode/DerivedData/Braidy-gjepuomvgkhxdkbmzgcfaogejqgd/Index.noindex/DataStore @/Users/danielraffel/Code/braidy/build/build/Braidy.build/Debug/Objects-normal/arm64/af3fcb34312c57c0f52879cdce924b91-common-args.resp -MMD -MT dependencies -MF /Users/danielraffel/Code/braidy/build/build/Braidy.build/Debug/Objects-normal/arm64/juce_audio_utils.d --serialize-diagnostics /Users/danielraffel/Code/braidy/build/build/Braidy.build/Debug/Objects-normal/arm64/juce_audio_utils.dia -c /Users/danielraffel/.juce_cache/juce-src/modules/juce_audio_utils/juce_audio_utils.mm -o /Users/danielraffel/Code/braidy/build/build/Braidy.build/Debug/Objects-normal/arm64/juce_audio_utils.o -index-unit-output-path /Braidy.build/Debug/Objects-normal/arm64/juce_audio_utils.o

CompileC /Users/danielraffel/Code/braidy/build/build/Braidy.build/Debug/Objects-normal/arm64/juce_audio_processors_ara.o /Users/danielraffel/.juce_cache/juce-src/modules/juce_audio_processors/juce_audio_processors_ara.cpp normal arm64 c++ com.apple.compilers.llvm.clang.1_0.compiler (in target 'Braidy' from project 'Braidy')
    cd /Users/danielraffel/Code/braidy
    
    Using response file: /Users/danielraffel/Code/braidy/build/build/Braidy.build/Debug/Objects-normal/arm64/82b82416624d2658e5098eb0a28c15c5-common-args.resp
    
    /Applications/Xcode.app/Contents/Developer/Toolchains/XcodeDefault.xctoolchain/usr/bin/clang -x c++ -ivfsstatcache /Users/danielraffel/Library/Developer/Xcode/DerivedData/SDKStatCaches.noindex/macosx15.5-24F74-8254517eb8b97d462ccbc072ba9094c9.sdkstatcache -fmessage-length\=0 -fdiagnostics-show-note-include-stack -fmacro-backtrace-limit\=0 -fno-color-diagnostics -Wno-trigraphs -Wno-missing-field-initializers -Wno-missing-prototypes -Wno-return-type -Wno-non-virtual-dtor -Wno-overloaded-virtual -Wno-exit-time-destructors -Wno-missing-braces -Wparentheses -Wswitch -Wno-unused-function -Wno-unused-label -Wno-unused-parameter -Wno-unused-variable -Wunused-value -Wno-empty-body -Wno-uninitialized -Wno-unknown-pragmas -Wno-shadow -Wno-four-char-constants -Wno-conversion -Wno-constant-conversion -Wno-int-conversion -Wno-bool-conversion -Wno-enum-conversion -Wno-float-conversion -Wno-non-literal-null-conversion -Wno-objc-literal-conversion -Wshorten-64-to-32 -Wno-newline-eof -Wno-c++11-extensions -Wno-implicit-fallthrough -fstrict-aliasing -Wdeprecated-declarations -Winvalid-offsetof -Wno-sign-conversion -Wno-infinite-recursion -Wno-move -Wno-comma -Wno-block-capture-autoreleasing -Wno-strict-prototypes -Wno-range-loop-analysis -Wno-semicolon-before-method-body -index-store-path /Users/danielraffel/Library/Developer/Xcode/DerivedData/Braidy-gjepuomvgkhxdkbmzgcfaogejqgd/Index.noindex/DataStore @/Users/danielraffel/Code/braidy/build/build/Braidy.build/Debug/Objects-normal/arm64/82b82416624d2658e5098eb0a28c15c5-common-args.resp -MMD -MT dependencies -MF /Users/danielraffel/Code/braidy/build/build/Braidy.build/Debug/Objects-normal/arm64/juce_audio_processors_ara.d --serialize-diagnostics /Users/danielraffel/Code/braidy/build/build/Braidy.build/Debug/Objects-normal/arm64/juce_audio_processors_ara.dia -c /Users/danielraffel/.juce_cache/juce-src/modules/juce_audio_processors/juce_audio_processors_ara.cpp -o /Users/danielraffel/Code/braidy/build/build/Braidy.build/Debug/Objects-normal/arm64/juce_audio_processors_ara.o -index-unit-output-path /Braidy.build/Debug/Objects-normal/arm64/juce_audio_processors_ara.o

CompileC /Users/danielraffel/Code/braidy/build/build/Braidy.build/Debug/Objects-normal/arm64/juce_audio_processors.o /Users/danielraffel/.juce_cache/juce-src/modules/juce_audio_processors/juce_audio_processors.mm normal arm64 objective-c++ com.apple.compilers.llvm.clang.1_0.compiler (in target 'Braidy' from project 'Braidy')
    cd /Users/danielraffel/Code/braidy
    
    Using response file: /Users/danielraffel/Code/braidy/build/build/Braidy.build/Debug/Objects-normal/arm64/af3fcb34312c57c0f52879cdce924b91-common-args.resp
    
    /Applications/Xcode.app/Contents/Developer/Toolchains/XcodeDefault.xctoolchain/usr/bin/clang -x objective-c++ -ivfsstatcache /Users/danielraffel/Library/Developer/Xcode/DerivedData/SDKStatCaches.noindex/macosx15.5-24F74-8254517eb8b97d462ccbc072ba9094c9.sdkstatcache -fmessage-length\=0 -fdiagnostics-show-note-include-stack -fmacro-backtrace-limit\=0 -fno-color-diagnostics -Wno-trigraphs -Wno-missing-field-initializers -Wno-missing-prototypes -Wno-return-type -Wno-implicit-atomic-properties -Wno-objc-interface-ivars -Wno-arc-repeated-use-of-weak -Wno-non-virtual-dtor -Wno-overloaded-virtual -Wno-exit-time-destructors -Wno-missing-braces -Wparentheses -Wswitch -Wno-unused-function -Wno-unused-label -Wno-unused-parameter -Wno-unused-variable -Wunused-value -Wno-empty-body -Wno-uninitialized -Wno-unknown-pragmas -Wno-shadow -Wno-four-char-constants -Wno-conversion -Wno-constant-conversion -Wno-int-conversion -Wno-bool-conversion -Wno-enum-conversion -Wno-float-conversion -Wno-non-literal-null-conversion -Wno-objc-literal-conversion -Wshorten-64-to-32 -Wno-newline-eof -Wno-selector -Wno-strict-selector-match -Wno-undeclared-selector -Wno-deprecated-implementations -Wno-c++11-extensions -Wno-implicit-fallthrough -fstrict-aliasing -Wprotocol -Wdeprecated-declarations -Winvalid-offsetof -Wno-sign-conversion -Wno-infinite-recursion -Wno-move -Wno-comma -Wno-block-capture-autoreleasing -Wno-strict-prototypes -Wno-range-loop-analysis -Wno-semicolon-before-method-body -index-store-path /Users/danielraffel/Library/Developer/Xcode/DerivedData/Braidy-gjepuomvgkhxdkbmzgcfaogejqgd/Index.noindex/DataStore @/Users/danielraffel/Code/braidy/build/build/Braidy.build/Debug/Objects-normal/arm64/af3fcb34312c57c0f52879cdce924b91-common-args.resp -MMD -MT dependencies -MF /Users/danielraffel/Code/braidy/build/build/Braidy.build/Debug/Objects-normal/arm64/juce_audio_processors.d --serialize-diagnostics /Users/danielraffel/Code/braidy/build/build/Braidy.build/Debug/Objects-normal/arm64/juce_audio_processors.dia -c /Users/danielraffel/.juce_cache/juce-src/modules/juce_audio_processors/juce_audio_processors.mm -o /Users/danielraffel/Code/braidy/build/build/Braidy.build/Debug/Objects-normal/arm64/juce_audio_processors.o -index-unit-output-path /Braidy.build/Debug/Objects-normal/arm64/juce_audio_processors.o

CompileC /Users/danielraffel/Code/braidy/build/build/Braidy.build/Debug/Objects-normal/arm64/juce_audio_formats.o /Users/danielraffel/.juce_cache/juce-src/modules/juce_audio_formats/juce_audio_formats.mm normal arm64 objective-c++ com.apple.compilers.llvm.clang.1_0.compiler (in target 'Braidy' from project 'Braidy')
    cd /Users/danielraffel/Code/braidy
    
    Using response file: /Users/danielraffel/Code/braidy/build/build/Braidy.build/Debug/Objects-normal/arm64/af3fcb34312c57c0f52879cdce924b91-common-args.resp
    
    /Applications/Xcode.app/Contents/Developer/Toolchains/XcodeDefault.xctoolchain/usr/bin/clang -x objective-c++ -ivfsstatcache /Users/danielraffel/Library/Developer/Xcode/DerivedData/SDKStatCaches.noindex/macosx15.5-24F74-8254517eb8b97d462ccbc072ba9094c9.sdkstatcache -fmessage-length\=0 -fdiagnostics-show-note-include-stack -fmacro-backtrace-limit\=0 -fno-color-diagnostics -Wno-trigraphs -Wno-missing-field-initializers -Wno-missing-prototypes -Wno-return-type -Wno-implicit-atomic-properties -Wno-objc-interface-ivars -Wno-arc-repeated-use-of-weak -Wno-non-virtual-dtor -Wno-overloaded-virtual -Wno-exit-time-destructors -Wno-missing-braces -Wparentheses -Wswitch -Wno-unused-function -Wno-unused-label -Wno-unused-parameter -Wno-unused-variable -Wunused-value -Wno-empty-body -Wno-uninitialized -Wno-unknown-pragmas -Wno-shadow -Wno-four-char-constants -Wno-conversion -Wno-constant-conversion -Wno-int-conversion -Wno-bool-conversion -Wno-enum-conversion -Wno-float-conversion -Wno-non-literal-null-conversion -Wno-objc-literal-conversion -Wshorten-64-to-32 -Wno-newline-eof -Wno-selector -Wno-strict-selector-match -Wno-undeclared-selector -Wno-deprecated-implementations -Wno-c++11-extensions -Wno-implicit-fallthrough -fstrict-aliasing -Wprotocol -Wdeprecated-declarations -Winvalid-offsetof -Wno-sign-conversion -Wno-infinite-recursion -Wno-move -Wno-comma -Wno-block-capture-autoreleasing -Wno-strict-prototypes -Wno-range-loop-analysis -Wno-semicolon-before-method-body -index-store-path /Users/danielraffel/Library/Developer/Xcode/DerivedData/Braidy-gjepuomvgkhxdkbmzgcfaogejqgd/Index.noindex/DataStore @/Users/danielraffel/Code/braidy/build/build/Braidy.build/Debug/Objects-normal/arm64/af3fcb34312c57c0f52879cdce924b91-common-args.resp -MMD -MT dependencies -MF /Users/danielraffel/Code/braidy/build/build/Braidy.build/Debug/Objects-normal/arm64/juce_audio_formats.d --serialize-diagnostics /Users/danielraffel/Code/braidy/build/build/Braidy.build/Debug/Objects-normal/arm64/juce_audio_formats.dia -c /Users/danielraffel/.juce_cache/juce-src/modules/juce_audio_formats/juce_audio_formats.mm -o /Users/danielraffel/Code/braidy/build/build/Braidy.build/Debug/Objects-normal/arm64/juce_audio_formats.o -index-unit-output-path /Braidy.build/Debug/Objects-normal/arm64/juce_audio_formats.o

CompileC /Users/danielraffel/Code/braidy/build/build/Braidy.build/Debug/Objects-normal/arm64/juce_audio_devices.o /Users/danielraffel/.juce_cache/juce-src/modules/juce_audio_devices/juce_audio_devices.mm normal arm64 objective-c++ com.apple.compilers.llvm.clang.1_0.compiler (in target 'Braidy' from project 'Braidy')
    cd /Users/danielraffel/Code/braidy
    
    Using response file: /Users/danielraffel/Code/braidy/build/build/Braidy.build/Debug/Objects-normal/arm64/af3fcb34312c57c0f52879cdce924b91-common-args.resp
    
    /Applications/Xcode.app/Contents/Developer/Toolchains/XcodeDefault.xctoolchain/usr/bin/clang -x objective-c++ -ivfsstatcache /Users/danielraffel/Library/Developer/Xcode/DerivedData/SDKStatCaches.noindex/macosx15.5-24F74-8254517eb8b97d462ccbc072ba9094c9.sdkstatcache -fmessage-length\=0 -fdiagnostics-show-note-include-stack -fmacro-backtrace-limit\=0 -fno-color-diagnostics -Wno-trigraphs -Wno-missing-field-initializers -Wno-missing-prototypes -Wno-return-type -Wno-implicit-atomic-properties -Wno-objc-interface-ivars -Wno-arc-repeated-use-of-weak -Wno-non-virtual-dtor -Wno-overloaded-virtual -Wno-exit-time-destructors -Wno-missing-braces -Wparentheses -Wswitch -Wno-unused-function -Wno-unused-label -Wno-unused-parameter -Wno-unused-variable -Wunused-value -Wno-empty-body -Wno-uninitialized -Wno-unknown-pragmas -Wno-shadow -Wno-four-char-constants -Wno-conversion -Wno-constant-conversion -Wno-int-conversion -Wno-bool-conversion -Wno-enum-conversion -Wno-float-conversion -Wno-non-literal-null-conversion -Wno-objc-literal-conversion -Wshorten-64-to-32 -Wno-newline-eof -Wno-selector -Wno-strict-selector-match -Wno-undeclared-selector -Wno-deprecated-implementations -Wno-c++11-extensions -Wno-implicit-fallthrough -fstrict-aliasing -Wprotocol -Wdeprecated-declarations -Winvalid-offsetof -Wno-sign-conversion -Wno-infinite-recursion -Wno-move -Wno-comma -Wno-block-capture-autoreleasing -Wno-strict-prototypes -Wno-range-loop-analysis -Wno-semicolon-before-method-body -index-store-path /Users/danielraffel/Library/Developer/Xcode/DerivedData/Braidy-gjepuomvgkhxdkbmzgcfaogejqgd/Index.noindex/DataStore @/Users/danielraffel/Code/braidy/build/build/Braidy.build/Debug/Objects-normal/arm64/af3fcb34312c57c0f52879cdce924b91-common-args.resp -MMD -MT dependencies -MF /Users/danielraffel/Code/braidy/build/build/Braidy.build/Debug/Objects-normal/arm64/juce_audio_devices.d --serialize-diagnostics /Users/danielraffel/Code/braidy/build/build/Braidy.build/Debug/Objects-normal/arm64/juce_audio_devices.dia -c /Users/danielraffel/.juce_cache/juce-src/modules/juce_audio_devices/juce_audio_devices.mm -o /Users/danielraffel/Code/braidy/build/build/Braidy.build/Debug/Objects-normal/arm64/juce_audio_devices.o -index-unit-output-path /Braidy.build/Debug/Objects-normal/arm64/juce_audio_devices.o

CompileC /Users/danielraffel/Code/braidy/build/build/Braidy.build/Debug/Objects-normal/arm64/juce_audio_basics.o /Users/danielraffel/.juce_cache/juce-src/modules/juce_audio_basics/juce_audio_basics.mm normal arm64 objective-c++ com.apple.compilers.llvm.clang.1_0.compiler (in target 'Braidy' from project 'Braidy')
    cd /Users/danielraffel/Code/braidy
    
    Using response file: /Users/danielraffel/Code/braidy/build/build/Braidy.build/Debug/Objects-normal/arm64/af3fcb34312c57c0f52879cdce924b91-common-args.resp
    
    /Applications/Xcode.app/Contents/Developer/Toolchains/XcodeDefault.xctoolchain/usr/bin/clang -x objective-c++ -ivfsstatcache /Users/danielraffel/Library/Developer/Xcode/DerivedData/SDKStatCaches.noindex/macosx15.5-24F74-8254517eb8b97d462ccbc072ba9094c9.sdkstatcache -fmessage-length\=0 -fdiagnostics-show-note-include-stack -fmacro-backtrace-limit\=0 -fno-color-diagnostics -Wno-trigraphs -Wno-missing-field-initializers -Wno-missing-prototypes -Wno-return-type -Wno-implicit-atomic-properties -Wno-objc-interface-ivars -Wno-arc-repeated-use-of-weak -Wno-non-virtual-dtor -Wno-overloaded-virtual -Wno-exit-time-destructors -Wno-missing-braces -Wparentheses -Wswitch -Wno-unused-function -Wno-unused-label -Wno-unused-parameter -Wno-unused-variable -Wunused-value -Wno-empty-body -Wno-uninitialized -Wno-unknown-pragmas -Wno-shadow -Wno-four-char-constants -Wno-conversion -Wno-constant-conversion -Wno-int-conversion -Wno-bool-conversion -Wno-enum-conversion -Wno-float-conversion -Wno-non-literal-null-conversion -Wno-objc-literal-conversion -Wshorten-64-to-32 -Wno-newline-eof -Wno-selector -Wno-strict-selector-match -Wno-undeclared-selector -Wno-deprecated-implementations -Wno-c++11-extensions -Wno-implicit-fallthrough -fstrict-aliasing -Wprotocol -Wdeprecated-declarations -Winvalid-offsetof -Wno-sign-conversion -Wno-infinite-recursion -Wno-move -Wno-comma -Wno-block-capture-autoreleasing -Wno-strict-prototypes -Wno-range-loop-analysis -Wno-semicolon-before-method-body -index-store-path /Users/danielraffel/Library/Developer/Xcode/DerivedData/Braidy-gjepuomvgkhxdkbmzgcfaogejqgd/Index.noindex/DataStore @/Users/danielraffel/Code/braidy/build/build/Braidy.build/Debug/Objects-normal/arm64/af3fcb34312c57c0f52879cdce924b91-common-args.resp -MMD -MT dependencies -MF /Users/danielraffel/Code/braidy/build/build/Braidy.build/Debug/Objects-normal/arm64/juce_audio_basics.d --serialize-diagnostics /Users/danielraffel/Code/braidy/build/build/Braidy.build/Debug/Objects-normal/arm64/juce_audio_basics.dia -c /Users/danielraffel/.juce_cache/juce-src/modules/juce_audio_basics/juce_audio_basics.mm -o /Users/danielraffel/Code/braidy/build/build/Braidy.build/Debug/Objects-normal/arm64/juce_audio_basics.o -index-unit-output-path /Braidy.build/Debug/Objects-normal/arm64/juce_audio_basics.o

CompileC /Users/danielraffel/Code/braidy/build/build/Braidy.build/Debug/Objects-normal/arm64/PluginProcessor.o /Users/danielraffel/Code/braidy/Source/PluginProcessor.cpp normal arm64 c++ com.apple.compilers.llvm.clang.1_0.compiler (in target 'Braidy' from project 'Braidy')
    cd /Users/danielraffel/Code/braidy
    
    Using response file: /Users/danielraffel/Code/braidy/build/build/Braidy.build/Debug/Objects-normal/arm64/82b82416624d2658e5098eb0a28c15c5-common-args.resp
    
    /Applications/Xcode.app/Contents/Developer/Toolchains/XcodeDefault.xctoolchain/usr/bin/clang -x c++ -ivfsstatcache /Users/danielraffel/Library/Developer/Xcode/DerivedData/SDKStatCaches.noindex/macosx15.5-24F74-8254517eb8b97d462ccbc072ba9094c9.sdkstatcache -fmessage-length\=0 -fdiagnostics-show-note-include-stack -fmacro-backtrace-limit\=0 -fno-color-diagnostics -Wno-trigraphs -Wno-missing-field-initializers -Wno-missing-prototypes -Wno-return-type -Wno-non-virtual-dtor -Wno-overloaded-virtual -Wno-exit-time-destructors -Wno-missing-braces -Wparentheses -Wswitch -Wno-unused-function -Wno-unused-label -Wno-unused-parameter -Wno-unused-variable -Wunused-value -Wno-empty-body -Wno-uninitialized -Wno-unknown-pragmas -Wno-shadow -Wno-four-char-constants -Wno-conversion -Wno-constant-conversion -Wno-int-conversion -Wno-bool-conversion -Wno-enum-conversion -Wno-float-conversion -Wno-non-literal-null-conversion -Wno-objc-literal-conversion -Wshorten-64-to-32 -Wno-newline-eof -Wno-c++11-extensions -Wno-implicit-fallthrough -fstrict-aliasing -Wdeprecated-declarations -Winvalid-offsetof -Wno-sign-conversion -Wno-infinite-recursion -Wno-move -Wno-comma -Wno-block-capture-autoreleasing -Wno-strict-prototypes -Wno-range-loop-analysis -Wno-semicolon-before-method-body -index-store-path /Users/danielraffel/Library/Developer/Xcode/DerivedData/Braidy-gjepuomvgkhxdkbmzgcfaogejqgd/Index.noindex/DataStore @/Users/danielraffel/Code/braidy/build/build/Braidy.build/Debug/Objects-normal/arm64/82b82416624d2658e5098eb0a28c15c5-common-args.resp -MMD -MT dependencies -MF /Users/danielraffel/Code/braidy/build/build/Braidy.build/Debug/Objects-normal/arm64/PluginProcessor.d --serialize-diagnostics /Users/danielraffel/Code/braidy/build/build/Braidy.build/Debug/Objects-normal/arm64/PluginProcessor.dia -c /Users/danielraffel/Code/braidy/Source/PluginProcessor.cpp -o /Users/danielraffel/Code/braidy/build/build/Braidy.build/Debug/Objects-normal/arm64/PluginProcessor.o -index-unit-output-path /Braidy.build/Debug/Objects-normal/arm64/PluginProcessor.o
In file included from /Users/danielraffel/Code/braidy/Source/PluginProcessor.cpp:1:
In file included from /Users/danielraffel/Code/braidy/Source/PluginProcessor.h:4:
In file included from /Users/danielraffel/Code/braidy/Source/adapters/BraidsSynthesiser.h:19:
/Users/danielraffel/Code/braidy/Source/adapters/BraidsVoice.h:51:10: warning: 'isVoiceActive' overrides a member function but is not marked 'override' [-Winconsistent-missing-override]
   51 |     bool isVoiceActive() const;
      |          ^
In file included from /Users/danielraffel/Code/braidy/Source/PluginProcessor.cpp:1:
In file included from /Users/danielraffel/Code/braidy/Source/PluginProcessor.h:3:
In file included from /Users/danielraffel/.juce_cache/juce-src/modules/juce_audio_processors/juce_audio_processors.h:68:
In file included from /Users/danielraffel/.juce_cache/juce-src/modules/juce_audio_basics/juce_audio_basics.h:132:
/Users/danielraffel/.juce_cache/juce-src/modules/juce_audio_basics/synthesisers/juce_Synthesiser.h:160:18: note: overridden virtual function is here
  160 |     virtual bool isVoiceActive() const;
      |                  ^
1 warning generated.

CompileC /Users/danielraffel/Code/braidy/build/build/Braidy.build/Debug/Objects-normal/arm64/PluginEditor.o /Users/danielraffel/Code/braidy/Source/PluginEditor.cpp normal arm64 c++ com.apple.compilers.llvm.clang.1_0.compiler (in target 'Braidy' from project 'Braidy')
    cd /Users/danielraffel/Code/braidy
    
    Using response file: /Users/danielraffel/Code/braidy/build/build/Braidy.build/Debug/Objects-normal/arm64/82b82416624d2658e5098eb0a28c15c5-common-args.resp
    
    /Applications/Xcode.app/Contents/Developer/Toolchains/XcodeDefault.xctoolchain/usr/bin/clang -x c++ -ivfsstatcache /Users/danielraffel/Library/Developer/Xcode/DerivedData/SDKStatCaches.noindex/macosx15.5-24F74-8254517eb8b97d462ccbc072ba9094c9.sdkstatcache -fmessage-length\=0 -fdiagnostics-show-note-include-stack -fmacro-backtrace-limit\=0 -fno-color-diagnostics -Wno-trigraphs -Wno-missing-field-initializers -Wno-missing-prototypes -Wno-return-type -Wno-non-virtual-dtor -Wno-overloaded-virtual -Wno-exit-time-destructors -Wno-missing-braces -Wparentheses -Wswitch -Wno-unused-function -Wno-unused-label -Wno-unused-parameter -Wno-unused-variable -Wunused-value -Wno-empty-body -Wno-uninitialized -Wno-unknown-pragmas -Wno-shadow -Wno-four-char-constants -Wno-conversion -Wno-constant-conversion -Wno-int-conversion -Wno-bool-conversion -Wno-enum-conversion -Wno-float-conversion -Wno-non-literal-null-conversion -Wno-objc-literal-conversion -Wshorten-64-to-32 -Wno-newline-eof -Wno-c++11-extensions -Wno-implicit-fallthrough -fstrict-aliasing -Wdeprecated-declarations -Winvalid-offsetof -Wno-sign-conversion -Wno-infinite-recursion -Wno-move -Wno-comma -Wno-block-capture-autoreleasing -Wno-strict-prototypes -Wno-range-loop-analysis -Wno-semicolon-before-method-body -index-store-path /Users/danielraffel/Library/Developer/Xcode/DerivedData/Braidy-gjepuomvgkhxdkbmzgcfaogejqgd/Index.noindex/DataStore @/Users/danielraffel/Code/braidy/build/build/Braidy.build/Debug/Objects-normal/arm64/82b82416624d2658e5098eb0a28c15c5-common-args.resp -MMD -MT dependencies -MF /Users/danielraffel/Code/braidy/build/build/Braidy.build/Debug/Objects-normal/arm64/PluginEditor.d --serialize-diagnostics /Users/danielraffel/Code/braidy/build/build/Braidy.build/Debug/Objects-normal/arm64/PluginEditor.dia -c /Users/danielraffel/Code/braidy/Source/PluginEditor.cpp -o /Users/danielraffel/Code/braidy/build/build/Braidy.build/Debug/Objects-normal/arm64/PluginEditor.o -index-unit-output-path /Braidy.build/Debug/Objects-normal/arm64/PluginEditor.o
In file included from /Users/danielraffel/Code/braidy/Source/PluginEditor.cpp:1:
In file included from /Users/danielraffel/Code/braidy/Source/PluginProcessor.h:4:
In file included from /Users/danielraffel/Code/braidy/Source/adapters/BraidsSynthesiser.h:19:
/Users/danielraffel/Code/braidy/Source/adapters/BraidsVoice.h:51:10: warning: 'isVoiceActive' overrides a member function but is not marked 'override' [-Winconsistent-missing-override]
   51 |     bool isVoiceActive() const;
      |          ^
In file included from /Users/danielraffel/Code/braidy/Source/PluginEditor.cpp:1:
In file included from /Users/danielraffel/Code/braidy/Source/PluginProcessor.h:3:
In file included from /Users/danielraffel/.juce_cache/juce-src/modules/juce_audio_processors/juce_audio_processors.h:68:
In file included from /Users/danielraffel/.juce_cache/juce-src/modules/juce_audio_basics/juce_audio_basics.h:132:
/Users/danielraffel/.juce_cache/juce-src/modules/juce_audio_basics/synthesisers/juce_Synthesiser.h:160:18: note: overridden virtual function is here
  160 |     virtual bool isVoiceActive() const;
      |                  ^
1 warning generated.

CompileC /Users/danielraffel/Code/braidy/build/build/Braidy.build/Debug/Objects-normal/arm64/BraidyVisualizer.o /Users/danielraffel/Code/braidy/Source/UI/BraidyVisualizer.cpp normal arm64 c++ com.apple.compilers.llvm.clang.1_0.compiler (in target 'Braidy' from project 'Braidy')
    cd /Users/danielraffel/Code/braidy
    
    Using response file: /Users/danielraffel/Code/braidy/build/build/Braidy.build/Debug/Objects-normal/arm64/82b82416624d2658e5098eb0a28c15c5-common-args.resp
    
    /Applications/Xcode.app/Contents/Developer/Toolchains/XcodeDefault.xctoolchain/usr/bin/clang -x c++ -ivfsstatcache /Users/danielraffel/Library/Developer/Xcode/DerivedData/SDKStatCaches.noindex/macosx15.5-24F74-8254517eb8b97d462ccbc072ba9094c9.sdkstatcache -fmessage-length\=0 -fdiagnostics-show-note-include-stack -fmacro-backtrace-limit\=0 -fno-color-diagnostics -Wno-trigraphs -Wno-missing-field-initializers -Wno-missing-prototypes -Wno-return-type -Wno-non-virtual-dtor -Wno-overloaded-virtual -Wno-exit-time-destructors -Wno-missing-braces -Wparentheses -Wswitch -Wno-unused-function -Wno-unused-label -Wno-unused-parameter -Wno-unused-variable -Wunused-value -Wno-empty-body -Wno-uninitialized -Wno-unknown-pragmas -Wno-shadow -Wno-four-char-constants -Wno-conversion -Wno-constant-conversion -Wno-int-conversion -Wno-bool-conversion -Wno-enum-conversion -Wno-float-conversion -Wno-non-literal-null-conversion -Wno-objc-literal-conversion -Wshorten-64-to-32 -Wno-newline-eof -Wno-c++11-extensions -Wno-implicit-fallthrough -fstrict-aliasing -Wdeprecated-declarations -Winvalid-offsetof -Wno-sign-conversion -Wno-infinite-recursion -Wno-move -Wno-comma -Wno-block-capture-autoreleasing -Wno-strict-prototypes -Wno-range-loop-analysis -Wno-semicolon-before-method-body -index-store-path /Users/danielraffel/Library/Developer/Xcode/DerivedData/Braidy-gjepuomvgkhxdkbmzgcfaogejqgd/Index.noindex/DataStore @/Users/danielraffel/Code/braidy/build/build/Braidy.build/Debug/Objects-normal/arm64/82b82416624d2658e5098eb0a28c15c5-common-args.resp -MMD -MT dependencies -MF /Users/danielraffel/Code/braidy/build/build/Braidy.build/Debug/Objects-normal/arm64/BraidyVisualizer.d --serialize-diagnostics /Users/danielraffel/Code/braidy/build/build/Braidy.build/Debug/Objects-normal/arm64/BraidyVisualizer.dia -c /Users/danielraffel/Code/braidy/Source/UI/BraidyVisualizer.cpp -o /Users/danielraffel/Code/braidy/build/build/Braidy.build/Debug/Objects-normal/arm64/BraidyVisualizer.o -index-unit-output-path /Braidy.build/Debug/Objects-normal/arm64/BraidyVisualizer.o
/Users/danielraffel/Code/braidy/Source/UI/BraidyVisualizer.cpp:245:15: warning: 'Font' is deprecated: Use the constructor that takes a FontOptions argument [-Wdeprecated-declarations]
  245 |     g.setFont(juce::Font(10.0f));
      |               ^
In file included from /Users/danielraffel/Code/braidy/Source/UI/BraidyVisualizer.cpp:1:
In file included from /Users/danielraffel/Code/braidy/Source/UI/BraidyVisualizer.h:3:
In file included from /Users/danielraffel/.juce_cache/juce-src/modules/juce_gui_basics/juce_gui_basics.h:68:
In file included from /Users/danielraffel/.juce_cache/juce-src/modules/juce_graphics/juce_graphics.h:140:
/Users/danielraffel/.juce_cache/juce-src/modules/juce_graphics/fonts/juce_Font.h:76:7: note: 'Font' has been explicitly marked deprecated here
   76 |     [[deprecated ("Use the constructor that takes a FontOptions argument")]]
      |       ^
1 warning generated.

CompileC /Users/danielraffel/Code/braidy/build/build/Braidy.build/Debug/Objects-normal/arm64/BraidyEncoder.o /Users/danielraffel/Code/braidy/Source/UI/BraidyEncoder.cpp normal arm64 c++ com.apple.compilers.llvm.clang.1_0.compiler (in target 'Braidy' from project 'Braidy')
    cd /Users/danielraffel/Code/braidy
    
    Using response file: /Users/danielraffel/Code/braidy/build/build/Braidy.build/Debug/Objects-normal/arm64/82b82416624d2658e5098eb0a28c15c5-common-args.resp
    
    /Applications/Xcode.app/Contents/Developer/Toolchains/XcodeDefault.xctoolchain/usr/bin/clang -x c++ -ivfsstatcache /Users/danielraffel/Library/Developer/Xcode/DerivedData/SDKStatCaches.noindex/macosx15.5-24F74-8254517eb8b97d462ccbc072ba9094c9.sdkstatcache -fmessage-length\=0 -fdiagnostics-show-note-include-stack -fmacro-backtrace-limit\=0 -fno-color-diagnostics -Wno-trigraphs -Wno-missing-field-initializers -Wno-missing-prototypes -Wno-return-type -Wno-non-virtual-dtor -Wno-overloaded-virtual -Wno-exit-time-destructors -Wno-missing-braces -Wparentheses -Wswitch -Wno-unused-function -Wno-unused-label -Wno-unused-parameter -Wno-unused-variable -Wunused-value -Wno-empty-body -Wno-uninitialized -Wno-unknown-pragmas -Wno-shadow -Wno-four-char-constants -Wno-conversion -Wno-constant-conversion -Wno-int-conversion -Wno-bool-conversion -Wno-enum-conversion -Wno-float-conversion -Wno-non-literal-null-conversion -Wno-objc-literal-conversion -Wshorten-64-to-32 -Wno-newline-eof -Wno-c++11-extensions -Wno-implicit-fallthrough -fstrict-aliasing -Wdeprecated-declarations -Winvalid-offsetof -Wno-sign-conversion -Wno-infinite-recursion -Wno-move -Wno-comma -Wno-block-capture-autoreleasing -Wno-strict-prototypes -Wno-range-loop-analysis -Wno-semicolon-before-method-body -index-store-path /Users/danielraffel/Library/Developer/Xcode/DerivedData/Braidy-gjepuomvgkhxdkbmzgcfaogejqgd/Index.noindex/DataStore @/Users/danielraffel/Code/braidy/build/build/Braidy.build/Debug/Objects-normal/arm64/82b82416624d2658e5098eb0a28c15c5-common-args.resp -MMD -MT dependencies -MF /Users/danielraffel/Code/braidy/build/build/Braidy.build/Debug/Objects-normal/arm64/BraidyEncoder.d --serialize-diagnostics /Users/danielraffel/Code/braidy/build/build/Braidy.build/Debug/Objects-normal/arm64/BraidyEncoder.dia -c /Users/danielraffel/Code/braidy/Source/UI/BraidyEncoder.cpp -o /Users/danielraffel/Code/braidy/build/build/Braidy.build/Debug/Objects-normal/arm64/BraidyEncoder.o -index-unit-output-path /Braidy.build/Debug/Objects-normal/arm64/BraidyEncoder.o

CompileC /Users/danielraffel/Code/braidy/build/build/Braidy.build/Debug/Objects-normal/arm64/BraidyDisplay.o /Users/danielraffel/Code/braidy/Source/UI/BraidyDisplay.cpp normal arm64 c++ com.apple.compilers.llvm.clang.1_0.compiler (in target 'Braidy' from project 'Braidy')
    cd /Users/danielraffel/Code/braidy
    
    Using response file: /Users/danielraffel/Code/braidy/build/build/Braidy.build/Debug/Objects-normal/arm64/82b82416624d2658e5098eb0a28c15c5-common-args.resp
    
    /Applications/Xcode.app/Contents/Developer/Toolchains/XcodeDefault.xctoolchain/usr/bin/clang -x c++ -ivfsstatcache /Users/danielraffel/Library/Developer/Xcode/DerivedData/SDKStatCaches.noindex/macosx15.5-24F74-8254517eb8b97d462ccbc072ba9094c9.sdkstatcache -fmessage-length\=0 -fdiagnostics-show-note-include-stack -fmacro-backtrace-limit\=0 -fno-color-diagnostics -Wno-trigraphs -Wno-missing-field-initializers -Wno-missing-prototypes -Wno-return-type -Wno-non-virtual-dtor -Wno-overloaded-virtual -Wno-exit-time-destructors -Wno-missing-braces -Wparentheses -Wswitch -Wno-unused-function -Wno-unused-label -Wno-unused-parameter -Wno-unused-variable -Wunused-value -Wno-empty-body -Wno-uninitialized -Wno-unknown-pragmas -Wno-shadow -Wno-four-char-constants -Wno-conversion -Wno-constant-conversion -Wno-int-conversion -Wno-bool-conversion -Wno-enum-conversion -Wno-float-conversion -Wno-non-literal-null-conversion -Wno-objc-literal-conversion -Wshorten-64-to-32 -Wno-newline-eof -Wno-c++11-extensions -Wno-implicit-fallthrough -fstrict-aliasing -Wdeprecated-declarations -Winvalid-offsetof -Wno-sign-conversion -Wno-infinite-recursion -Wno-move -Wno-comma -Wno-block-capture-autoreleasing -Wno-strict-prototypes -Wno-range-loop-analysis -Wno-semicolon-before-method-body -index-store-path /Users/danielraffel/Library/Developer/Xcode/DerivedData/Braidy-gjepuomvgkhxdkbmzgcfaogejqgd/Index.noindex/DataStore @/Users/danielraffel/Code/braidy/build/build/Braidy.build/Debug/Objects-normal/arm64/82b82416624d2658e5098eb0a28c15c5-common-args.resp -MMD -MT dependencies -MF /Users/danielraffel/Code/braidy/build/build/Braidy.build/Debug/Objects-normal/arm64/BraidyDisplay.d --serialize-diagnostics /Users/danielraffel/Code/braidy/build/build/Braidy.build/Debug/Objects-normal/arm64/BraidyDisplay.dia -c /Users/danielraffel/Code/braidy/Source/UI/BraidyDisplay.cpp -o /Users/danielraffel/Code/braidy/build/build/Braidy.build/Debug/Objects-normal/arm64/BraidyDisplay.o -index-unit-output-path /Braidy.build/Debug/Objects-normal/arm64/BraidyDisplay.o
/Users/danielraffel/Code/braidy/Source/UI/BraidyDisplay.cpp:12:20: warning: 'Font' is deprecated: Use the constructor that takes a FontOptions argument [-Wdeprecated-declarations]
   12 |     , displayFont_(juce::Font(juce::Font::getDefaultMonospacedFontName(), 24.0f, juce::Font::bold))
      |                    ^
In file included from /Users/danielraffel/Code/braidy/Source/UI/BraidyDisplay.cpp:1:
In file included from /Users/danielraffel/Code/braidy/Source/UI/BraidyDisplay.h:3:
In file included from /Users/danielraffel/.juce_cache/juce-src/modules/juce_gui_basics/juce_gui_basics.h:68:
In file included from /Users/danielraffel/.juce_cache/juce-src/modules/juce_graphics/juce_graphics.h:140:
/Users/danielraffel/.juce_cache/juce-src/modules/juce_graphics/fonts/juce_Font.h:88:7: note: 'Font' has been explicitly marked deprecated here
   88 |     [[deprecated ("Use the constructor that takes a FontOptions argument")]]
      |       ^
/Users/danielraffel/Code/braidy/Source/UI/BraidyDisplay.cpp:12:20: warning: 'Font' is deprecated: Use the constructor that takes a FontOptions argument [-Wdeprecated-declarations]
   12 |     , displayFont_(juce::Font(juce::Font::getDefaultMonospacedFontName(), 24.0f, juce::Font::bold))
      |                    ^
In file included from /Users/danielraffel/Code/braidy/Source/UI/BraidyDisplay.cpp:1:
In file included from /Users/danielraffel/Code/braidy/Source/UI/BraidyDisplay.h:3:
In file included from /Users/danielraffel/.juce_cache/juce-src/modules/juce_gui_basics/juce_gui_basics.h:68:
In file included from /Users/danielraffel/.juce_cache/juce-src/modules/juce_graphics/juce_graphics.h:140:
/Users/danielraffel/.juce_cache/juce-src/modules/juce_graphics/fonts/juce_Font.h:88:7: note: 'Font' has been explicitly marked deprecated here
   88 |     [[deprecated ("Use the constructor that takes a FontOptions argument")]]
      |       ^
/Users/danielraffel/Code/braidy/Source/UI/BraidyDisplay.cpp:126:20: warning: 'Font' is deprecated: Use the constructor that takes a FontOptions argument [-Wdeprecated-declarations]
  126 |     displayFont_ = juce::Font(juce::Font::getDefaultMonospacedFontName(), fontSize, juce::Font::bold);
      |                    ^
In file included from /Users/danielraffel/Code/braidy/Source/UI/BraidyDisplay.cpp:1:
In file included from /Users/danielraffel/Code/braidy/Source/UI/BraidyDisplay.h:3:
In file included from /Users/danielraffel/.juce_cache/juce-src/modules/juce_gui_basics/juce_gui_basics.h:68:
In file included from /Users/danielraffel/.juce_cache/juce-src/modules/juce_graphics/juce_graphics.h:140:
/Users/danielraffel/.juce_cache/juce-src/modules/juce_graphics/fonts/juce_Font.h:88:7: note: 'Font' has been explicitly marked deprecated here
   88 |     [[deprecated ("Use the constructor that takes a FontOptions argument")]]
      |       ^
/Users/danielraffel/Code/braidy/Source/UI/BraidyDisplay.cpp:126:20: warning: 'Font' is deprecated: Use the constructor that takes a FontOptions argument [-Wdeprecated-declarations]
  126 |     displayFont_ = juce::Font(juce::Font::getDefaultMonospacedFontName(), fontSize, juce::Font::bold);
      |                    ^
In file included from /Users/danielraffel/Code/braidy/Source/UI/BraidyDisplay.cpp:1:
In file included from /Users/danielraffel/Code/braidy/Source/UI/BraidyDisplay.h:3:
In file included from /Users/danielraffel/.juce_cache/juce-src/modules/juce_gui_basics/juce_gui_basics.h:68:
In file included from /Users/danielraffel/.juce_cache/juce-src/modules/juce_graphics/juce_graphics.h:140:
/Users/danielraffel/.juce_cache/juce-src/modules/juce_graphics/fonts/juce_Font.h:88:7: note: 'Font' has been explicitly marked deprecated here
   88 |     [[deprecated ("Use the constructor that takes a FontOptions argument")]]
      |       ^
4 warnings generated.

CompileC /Users/danielraffel/Code/braidy/build/build/Braidy.build/Debug/Objects-normal/arm64/BraidsVoice.o /Users/danielraffel/Code/braidy/Source/adapters/BraidsVoice.cpp normal arm64 c++ com.apple.compilers.llvm.clang.1_0.compiler (in target 'Braidy' from project 'Braidy')
    cd /Users/danielraffel/Code/braidy
    
    Using response file: /Users/danielraffel/Code/braidy/build/build/Braidy.build/Debug/Objects-normal/arm64/82b82416624d2658e5098eb0a28c15c5-common-args.resp
    
    /Applications/Xcode.app/Contents/Developer/Toolchains/XcodeDefault.xctoolchain/usr/bin/clang -x c++ -ivfsstatcache /Users/danielraffel/Library/Developer/Xcode/DerivedData/SDKStatCaches.noindex/macosx15.5-24F74-8254517eb8b97d462ccbc072ba9094c9.sdkstatcache -fmessage-length\=0 -fdiagnostics-show-note-include-stack -fmacro-backtrace-limit\=0 -fno-color-diagnostics -Wno-trigraphs -Wno-missing-field-initializers -Wno-missing-prototypes -Wno-return-type -Wno-non-virtual-dtor -Wno-overloaded-virtual -Wno-exit-time-destructors -Wno-missing-braces -Wparentheses -Wswitch -Wno-unused-function -Wno-unused-label -Wno-unused-parameter -Wno-unused-variable -Wunused-value -Wno-empty-body -Wno-uninitialized -Wno-unknown-pragmas -Wno-shadow -Wno-four-char-constants -Wno-conversion -Wno-constant-conversion -Wno-int-conversion -Wno-bool-conversion -Wno-enum-conversion -Wno-float-conversion -Wno-non-literal-null-conversion -Wno-objc-literal-conversion -Wshorten-64-to-32 -Wno-newline-eof -Wno-c++11-extensions -Wno-implicit-fallthrough -fstrict-aliasing -Wdeprecated-declarations -Winvalid-offsetof -Wno-sign-conversion -Wno-infinite-recursion -Wno-move -Wno-comma -Wno-block-capture-autoreleasing -Wno-strict-prototypes -Wno-range-loop-analysis -Wno-semicolon-before-method-body -index-store-path /Users/danielraffel/Library/Developer/Xcode/DerivedData/Braidy-gjepuomvgkhxdkbmzgcfaogejqgd/Index.noindex/DataStore @/Users/danielraffel/Code/braidy/build/build/Braidy.build/Debug/Objects-normal/arm64/82b82416624d2658e5098eb0a28c15c5-common-args.resp -MMD -MT dependencies -MF /Users/danielraffel/Code/braidy/build/build/Braidy.build/Debug/Objects-normal/arm64/BraidsVoice.d --serialize-diagnostics /Users/danielraffel/Code/braidy/build/build/Braidy.build/Debug/Objects-normal/arm64/BraidsVoice.dia -c /Users/danielraffel/Code/braidy/Source/adapters/BraidsVoice.cpp -o /Users/danielraffel/Code/braidy/build/build/Braidy.build/Debug/Objects-normal/arm64/BraidsVoice.o -index-unit-output-path /Braidy.build/Debug/Objects-normal/arm64/BraidsVoice.o
In file included from /Users/danielraffel/Code/braidy/Source/adapters/BraidsVoice.cpp:5:
/Users/danielraffel/Code/braidy/Source/adapters/BraidsVoice.h:51:10: warning: 'isVoiceActive' overrides a member function but is not marked 'override' [-Winconsistent-missing-override]
   51 |     bool isVoiceActive() const;
      |          ^
In file included from /Users/danielraffel/Code/braidy/Source/adapters/BraidsVoice.cpp:5:
In file included from /Users/danielraffel/Code/braidy/Source/adapters/BraidsVoice.h:18:
In file included from /Users/danielraffel/Code/braidy/build/Braidy_artefacts/JuceLibraryCode/JuceHeader.h:14:
In file included from /Users/danielraffel/.juce_cache/juce-src/modules/juce_audio_plugin_client/juce_audio_plugin_client.h:64:
In file included from /Users/danielraffel/.juce_cache/juce-src/modules/juce_audio_basics/juce_audio_basics.h:132:
/Users/danielraffel/.juce_cache/juce-src/modules/juce_audio_basics/synthesisers/juce_Synthesiser.h:160:18: note: overridden virtual function is here
  160 |     virtual bool isVoiceActive() const;
      |                  ^
1 warning generated.

CompileC /Users/danielraffel/Code/braidy/build/build/Braidy.build/Debug/Objects-normal/arm64/BraidsSynthesiser.o /Users/danielraffel/Code/braidy/Source/adapters/BraidsSynthesiser.cpp normal arm64 c++ com.apple.compilers.llvm.clang.1_0.compiler (in target 'Braidy' from project 'Braidy')
    cd /Users/danielraffel/Code/braidy
    
    Using response file: /Users/danielraffel/Code/braidy/build/build/Braidy.build/Debug/Objects-normal/arm64/82b82416624d2658e5098eb0a28c15c5-common-args.resp
    
    /Applications/Xcode.app/Contents/Developer/Toolchains/XcodeDefault.xctoolchain/usr/bin/clang -x c++ -ivfsstatcache /Users/danielraffel/Library/Developer/Xcode/DerivedData/SDKStatCaches.noindex/macosx15.5-24F74-8254517eb8b97d462ccbc072ba9094c9.sdkstatcache -fmessage-length\=0 -fdiagnostics-show-note-include-stack -fmacro-backtrace-limit\=0 -fno-color-diagnostics -Wno-trigraphs -Wno-missing-field-initializers -Wno-missing-prototypes -Wno-return-type -Wno-non-virtual-dtor -Wno-overloaded-virtual -Wno-exit-time-destructors -Wno-missing-braces -Wparentheses -Wswitch -Wno-unused-function -Wno-unused-label -Wno-unused-parameter -Wno-unused-variable -Wunused-value -Wno-empty-body -Wno-uninitialized -Wno-unknown-pragmas -Wno-shadow -Wno-four-char-constants -Wno-conversion -Wno-constant-conversion -Wno-int-conversion -Wno-bool-conversion -Wno-enum-conversion -Wno-float-conversion -Wno-non-literal-null-conversion -Wno-objc-literal-conversion -Wshorten-64-to-32 -Wno-newline-eof -Wno-c++11-extensions -Wno-implicit-fallthrough -fstrict-aliasing -Wdeprecated-declarations -Winvalid-offsetof -Wno-sign-conversion -Wno-infinite-recursion -Wno-move -Wno-comma -Wno-block-capture-autoreleasing -Wno-strict-prototypes -Wno-range-loop-analysis -Wno-semicolon-before-method-body -index-store-path /Users/danielraffel/Library/Developer/Xcode/DerivedData/Braidy-gjepuomvgkhxdkbmzgcfaogejqgd/Index.noindex/DataStore @/Users/danielraffel/Code/braidy/build/build/Braidy.build/Debug/Objects-normal/arm64/82b82416624d2658e5098eb0a28c15c5-common-args.resp -MMD -MT dependencies -MF /Users/danielraffel/Code/braidy/build/build/Braidy.build/Debug/Objects-normal/arm64/BraidsSynthesiser.d --serialize-diagnostics /Users/danielraffel/Code/braidy/build/build/Braidy.build/Debug/Objects-normal/arm64/BraidsSynthesiser.dia -c /Users/danielraffel/Code/braidy/Source/adapters/BraidsSynthesiser.cpp -o /Users/danielraffel/Code/braidy/build/build/Braidy.build/Debug/Objects-normal/arm64/BraidsSynthesiser.o -index-unit-output-path /Braidy.build/Debug/Objects-normal/arm64/BraidsSynthesiser.o
In file included from /Users/danielraffel/Code/braidy/Source/adapters/BraidsSynthesiser.cpp:5:
In file included from /Users/danielraffel/Code/braidy/Source/adapters/BraidsSynthesiser.h:19:
/Users/danielraffel/Code/braidy/Source/adapters/BraidsVoice.h:51:10: warning: 'isVoiceActive' overrides a member function but is not marked 'override' [-Winconsistent-missing-override]
   51 |     bool isVoiceActive() const;
      |          ^
In file included from /Users/danielraffel/Code/braidy/Source/adapters/BraidsSynthesiser.cpp:5:
In file included from /Users/danielraffel/Code/braidy/Source/adapters/BraidsSynthesiser.h:18:
In file included from /Users/danielraffel/Code/braidy/build/Braidy_artefacts/JuceLibraryCode/JuceHeader.h:14:
In file included from /Users/danielraffel/.juce_cache/juce-src/modules/juce_audio_plugin_client/juce_audio_plugin_client.h:64:
In file included from /Users/danielraffel/.juce_cache/juce-src/modules/juce_audio_basics/juce_audio_basics.h:132:
/Users/danielraffel/.juce_cache/juce-src/modules/juce_audio_basics/synthesisers/juce_Synthesiser.h:160:18: note: overridden virtual function is here
  160 |     virtual bool isVoiceActive() const;
      |                  ^
1 warning generated.

CompileC /Users/danielraffel/Code/braidy/build/build/Braidy.build/Debug/Objects-normal/arm64/BraidsEngine.o /Users/danielraffel/Code/braidy/Source/adapters/BraidsEngine.cpp normal arm64 c++ com.apple.compilers.llvm.clang.1_0.compiler (in target 'Braidy' from project 'Braidy')
    cd /Users/danielraffel/Code/braidy
    
    Using response file: /Users/danielraffel/Code/braidy/build/build/Braidy.build/Debug/Objects-normal/arm64/82b82416624d2658e5098eb0a28c15c5-common-args.resp
    
    /Applications/Xcode.app/Contents/Developer/Toolchains/XcodeDefault.xctoolchain/usr/bin/clang -x c++ -ivfsstatcache /Users/danielraffel/Library/Developer/Xcode/DerivedData/SDKStatCaches.noindex/macosx15.5-24F74-8254517eb8b97d462ccbc072ba9094c9.sdkstatcache -fmessage-length\=0 -fdiagnostics-show-note-include-stack -fmacro-backtrace-limit\=0 -fno-color-diagnostics -Wno-trigraphs -Wno-missing-field-initializers -Wno-missing-prototypes -Wno-return-type -Wno-non-virtual-dtor -Wno-overloaded-virtual -Wno-exit-time-destructors -Wno-missing-braces -Wparentheses -Wswitch -Wno-unused-function -Wno-unused-label -Wno-unused-parameter -Wno-unused-variable -Wunused-value -Wno-empty-body -Wno-uninitialized -Wno-unknown-pragmas -Wno-shadow -Wno-four-char-constants -Wno-conversion -Wno-constant-conversion -Wno-int-conversion -Wno-bool-conversion -Wno-enum-conversion -Wno-float-conversion -Wno-non-literal-null-conversion -Wno-objc-literal-conversion -Wshorten-64-to-32 -Wno-newline-eof -Wno-c++11-extensions -Wno-implicit-fallthrough -fstrict-aliasing -Wdeprecated-declarations -Winvalid-offsetof -Wno-sign-conversion -Wno-infinite-recursion -Wno-move -Wno-comma -Wno-block-capture-autoreleasing -Wno-strict-prototypes -Wno-range-loop-analysis -Wno-semicolon-before-method-body -index-store-path /Users/danielraffel/Library/Developer/Xcode/DerivedData/Braidy-gjepuomvgkhxdkbmzgcfaogejqgd/Index.noindex/DataStore @/Users/danielraffel/Code/braidy/build/build/Braidy.build/Debug/Objects-normal/arm64/82b82416624d2658e5098eb0a28c15c5-common-args.resp -MMD -MT dependencies -MF /Users/danielraffel/Code/braidy/build/build/Braidy.build/Debug/Objects-normal/arm64/BraidsEngine.d --serialize-diagnostics /Users/danielraffel/Code/braidy/build/build/Braidy.build/Debug/Objects-normal/arm64/BraidsEngine.dia -c /Users/danielraffel/Code/braidy/Source/adapters/BraidsEngine.cpp -o /Users/danielraffel/Code/braidy/build/build/Braidy.build/Debug/Objects-normal/arm64/BraidsEngine.o -index-unit-output-path /Braidy.build/Debug/Objects-normal/arm64/BraidsEngine.o

ProcessProductPackaging /Users/danielraffel/Code/braidy/build/Braidy_artefacts/JuceLibraryCode/Braidy_Standalone.entitlements /Users/danielraffel/Code/braidy/build/build/Braidy_Standalone.build/Debug/Braidy.app.xcent (in target 'Braidy_Standalone' from project 'Braidy')
    cd /Users/danielraffel/Code/braidy
    
    Entitlements:
    
    {
    "com.apple.security.get-task-allow" = 1;
}
    
    builtin-productPackagingUtility /Users/danielraffel/Code/braidy/build/Braidy_artefacts/JuceLibraryCode/Braidy_Standalone.entitlements -entitlements -format xml -o /Users/danielraffel/Code/braidy/build/build/Braidy_Standalone.build/Debug/Braidy.app.xcent

ProcessProductPackagingDER /Users/danielraffel/Code/braidy/build/build/Braidy_Standalone.build/Debug/Braidy.app.xcent /Users/danielraffel/Code/braidy/build/build/Braidy_Standalone.build/Debug/Braidy.app.xcent.der (in target 'Braidy_Standalone' from project 'Braidy')
    cd /Users/danielraffel/Code/braidy
    /usr/bin/derq query -f xml -i /Users/danielraffel/Code/braidy/build/build/Braidy_Standalone.build/Debug/Braidy.app.xcent -o /Users/danielraffel/Code/braidy/build/build/Braidy_Standalone.build/Debug/Braidy.app.xcent.der --raw

Libtool /Users/danielraffel/Code/braidy/build/Braidy_artefacts/Debug/libBraidy_SharedCode.a normal (in target 'Braidy' from project 'Braidy')
    cd /Users/danielraffel/Code/braidy
    /Applications/Xcode.app/Contents/Developer/Toolchains/XcodeDefault.xctoolchain/usr/bin/libtool -static -arch_only arm64 -D -syslibroot /Applications/Xcode.app/Contents/Developer/Platforms/MacOSX.platform/Developer/SDKs/MacOSX15.5.sdk -L/Users/danielraffel/Code/braidy/build/Braidy_artefacts/Debug -filelist /Users/danielraffel/Code/braidy/build/build/Braidy.build/Debug/Objects-normal/arm64/Braidy_SharedCode.LinkFileList -dependency_info /Users/danielraffel/Code/braidy/build/build/Braidy.build/Debug/Objects-normal/arm64/Braidy_SharedCode_libtool_dependency_info.dat -o /Users/danielraffel/Code/braidy/build/Braidy_artefacts/Debug/libBraidy_SharedCode.a

PhaseScriptExecution Generate\ Braidy_artefacts/JuceLibraryCode/Braidy_Standalone/PkgInfo /Users/danielraffel/Code/braidy/build/build/Braidy_Standalone.build/Debug/Script-11AF51B2AA426AFA1724F748.sh (in target 'Braidy_Standalone' from project 'Braidy')
    cd /Users/danielraffel/Code/braidy
    /bin/sh -c /Users/danielraffel/Code/braidy/build/build/Braidy_Standalone.build/Debug/Script-11AF51B2AA426AFA1724F748.sh

ProcessInfoPlistFile /Users/danielraffel/Code/braidy/build/Braidy_artefacts/Debug/Standalone/Braidy.app/Contents/Info.plist /Users/danielraffel/Code/braidy/build/CMakeFiles/Braidy_Standalone.dir/Info.plist (in target 'Braidy_Standalone' from project 'Braidy')
    cd /Users/danielraffel/Code/braidy
    builtin-infoPlistUtility /Users/danielraffel/Code/braidy/build/CMakeFiles/Braidy_Standalone.dir/Info.plist -producttype com.apple.product-type.application -genpkginfo /Users/danielraffel/Code/braidy/build/Braidy_artefacts/Debug/Standalone/Braidy.app/Contents/PkgInfo -expandbuildsettings -platform macosx -o /Users/danielraffel/Code/braidy/build/Braidy_artefacts/Debug/Standalone/Braidy.app/Contents/Info.plist

CompileC /Users/danielraffel/Code/braidy/build/build/Braidy_Standalone.build/Debug/Objects-normal/arm64/juce_audio_plugin_client_VST3.o /Users/danielraffel/.juce_cache/juce-src/modules/juce_audio_plugin_client/juce_audio_plugin_client_VST3.mm normal arm64 objective-c++ com.apple.compilers.llvm.clang.1_0.compiler (in target 'Braidy_Standalone' from project 'Braidy')
    cd /Users/danielraffel/Code/braidy
    
    Using response file: /Users/danielraffel/Code/braidy/build/build/Braidy_Standalone.build/Debug/Objects-normal/arm64/af3fcb34312c57c0f52879cdce924b91-common-args.resp
    
    /Applications/Xcode.app/Contents/Developer/Toolchains/XcodeDefault.xctoolchain/usr/bin/clang -x objective-c++ -ivfsstatcache /Users/danielraffel/Library/Developer/Xcode/DerivedData/SDKStatCaches.noindex/macosx15.5-24F74-8254517eb8b97d462ccbc072ba9094c9.sdkstatcache -fmessage-length\=0 -fdiagnostics-show-note-include-stack -fmacro-backtrace-limit\=0 -fno-color-diagnostics -Wno-trigraphs -Wno-missing-field-initializers -Wno-missing-prototypes -Wno-return-type -Wno-implicit-atomic-properties -Wno-objc-interface-ivars -Wno-arc-repeated-use-of-weak -Wno-non-virtual-dtor -Wno-overloaded-virtual -Wno-exit-time-destructors -Wno-missing-braces -Wparentheses -Wswitch -Wno-unused-function -Wno-unused-label -Wno-unused-parameter -Wno-unused-variable -Wunused-value -Wno-empty-body -Wno-uninitialized -Wno-unknown-pragmas -Wno-shadow -Wno-four-char-constants -Wno-conversion -Wno-constant-conversion -Wno-int-conversion -Wno-bool-conversion -Wno-enum-conversion -Wno-float-conversion -Wno-non-literal-null-conversion -Wno-objc-literal-conversion -Wshorten-64-to-32 -Wno-newline-eof -Wno-selector -Wno-strict-selector-match -Wno-undeclared-selector -Wno-deprecated-implementations -Wno-c++11-extensions -Wno-implicit-fallthrough -fstrict-aliasing -Wprotocol -Wdeprecated-declarations -Winvalid-offsetof -Wno-sign-conversion -Wno-infinite-recursion -Wno-move -Wno-comma -Wno-block-capture-autoreleasing -Wno-strict-prototypes -Wno-range-loop-analysis -Wno-semicolon-before-method-body -index-store-path /Users/danielraffel/Library/Developer/Xcode/DerivedData/Braidy-gjepuomvgkhxdkbmzgcfaogejqgd/Index.noindex/DataStore @/Users/danielraffel/Code/braidy/build/build/Braidy_Standalone.build/Debug/Objects-normal/arm64/af3fcb34312c57c0f52879cdce924b91-common-args.resp -MMD -MT dependencies -MF /Users/danielraffel/Code/braidy/build/build/Braidy_Standalone.build/Debug/Objects-normal/arm64/juce_audio_plugin_client_VST3.d --serialize-diagnostics /Users/danielraffel/Code/braidy/build/build/Braidy_Standalone.build/Debug/Objects-normal/arm64/juce_audio_plugin_client_VST3.dia -c /Users/danielraffel/.juce_cache/juce-src/modules/juce_audio_plugin_client/juce_audio_plugin_client_VST3.mm -o /Users/danielraffel/Code/braidy/build/build/Braidy_Standalone.build/Debug/Objects-normal/arm64/juce_audio_plugin_client_VST3.o -index-unit-output-path /Braidy_Standalone.build/Debug/Objects-normal/arm64/juce_audio_plugin_client_VST3.o

CompileC /Users/danielraffel/Code/braidy/build/build/Braidy_Standalone.build/Debug/Objects-normal/arm64/juce_audio_plugin_client_VST2.o /Users/danielraffel/.juce_cache/juce-src/modules/juce_audio_plugin_client/juce_audio_plugin_client_VST2.mm normal arm64 objective-c++ com.apple.compilers.llvm.clang.1_0.compiler (in target 'Braidy_Standalone' from project 'Braidy')
    cd /Users/danielraffel/Code/braidy
    
    Using response file: /Users/danielraffel/Code/braidy/build/build/Braidy_Standalone.build/Debug/Objects-normal/arm64/af3fcb34312c57c0f52879cdce924b91-common-args.resp
    
    /Applications/Xcode.app/Contents/Developer/Toolchains/XcodeDefault.xctoolchain/usr/bin/clang -x objective-c++ -ivfsstatcache /Users/danielraffel/Library/Developer/Xcode/DerivedData/SDKStatCaches.noindex/macosx15.5-24F74-8254517eb8b97d462ccbc072ba9094c9.sdkstatcache -fmessage-length\=0 -fdiagnostics-show-note-include-stack -fmacro-backtrace-limit\=0 -fno-color-diagnostics -Wno-trigraphs -Wno-missing-field-initializers -Wno-missing-prototypes -Wno-return-type -Wno-implicit-atomic-properties -Wno-objc-interface-ivars -Wno-arc-repeated-use-of-weak -Wno-non-virtual-dtor -Wno-overloaded-virtual -Wno-exit-time-destructors -Wno-missing-braces -Wparentheses -Wswitch -Wno-unused-function -Wno-unused-label -Wno-unused-parameter -Wno-unused-variable -Wunused-value -Wno-empty-body -Wno-uninitialized -Wno-unknown-pragmas -Wno-shadow -Wno-four-char-constants -Wno-conversion -Wno-constant-conversion -Wno-int-conversion -Wno-bool-conversion -Wno-enum-conversion -Wno-float-conversion -Wno-non-literal-null-conversion -Wno-objc-literal-conversion -Wshorten-64-to-32 -Wno-newline-eof -Wno-selector -Wno-strict-selector-match -Wno-undeclared-selector -Wno-deprecated-implementations -Wno-c++11-extensions -Wno-implicit-fallthrough -fstrict-aliasing -Wprotocol -Wdeprecated-declarations -Winvalid-offsetof -Wno-sign-conversion -Wno-infinite-recursion -Wno-move -Wno-comma -Wno-block-capture-autoreleasing -Wno-strict-prototypes -Wno-range-loop-analysis -Wno-semicolon-before-method-body -index-store-path /Users/danielraffel/Library/Developer/Xcode/DerivedData/Braidy-gjepuomvgkhxdkbmzgcfaogejqgd/Index.noindex/DataStore @/Users/danielraffel/Code/braidy/build/build/Braidy_Standalone.build/Debug/Objects-normal/arm64/af3fcb34312c57c0f52879cdce924b91-common-args.resp -MMD -MT dependencies -MF /Users/danielraffel/Code/braidy/build/build/Braidy_Standalone.build/Debug/Objects-normal/arm64/juce_audio_plugin_client_VST2.d --serialize-diagnostics /Users/danielraffel/Code/braidy/build/build/Braidy_Standalone.build/Debug/Objects-normal/arm64/juce_audio_plugin_client_VST2.dia -c /Users/danielraffel/.juce_cache/juce-src/modules/juce_audio_plugin_client/juce_audio_plugin_client_VST2.mm -o /Users/danielraffel/Code/braidy/build/build/Braidy_Standalone.build/Debug/Objects-normal/arm64/juce_audio_plugin_client_VST2.o -index-unit-output-path /Braidy_Standalone.build/Debug/Objects-normal/arm64/juce_audio_plugin_client_VST2.o

CompileC /Users/danielraffel/Code/braidy/build/build/Braidy_Standalone.build/Debug/Objects-normal/arm64/juce_audio_plugin_client_Unity.o /Users/danielraffel/.juce_cache/juce-src/modules/juce_audio_plugin_client/juce_audio_plugin_client_Unity.cpp normal arm64 c++ com.apple.compilers.llvm.clang.1_0.compiler (in target 'Braidy_Standalone' from project 'Braidy')
    cd /Users/danielraffel/Code/braidy
    
    Using response file: /Users/danielraffel/Code/braidy/build/build/Braidy_Standalone.build/Debug/Objects-normal/arm64/82b82416624d2658e5098eb0a28c15c5-common-args.resp
    
    /Applications/Xcode.app/Contents/Developer/Toolchains/XcodeDefault.xctoolchain/usr/bin/clang -x c++ -ivfsstatcache /Users/danielraffel/Library/Developer/Xcode/DerivedData/SDKStatCaches.noindex/macosx15.5-24F74-8254517eb8b97d462ccbc072ba9094c9.sdkstatcache -fmessage-length\=0 -fdiagnostics-show-note-include-stack -fmacro-backtrace-limit\=0 -fno-color-diagnostics -Wno-trigraphs -Wno-missing-field-initializers -Wno-missing-prototypes -Wno-return-type -Wno-non-virtual-dtor -Wno-overloaded-virtual -Wno-exit-time-destructors -Wno-missing-braces -Wparentheses -Wswitch -Wno-unused-function -Wno-unused-label -Wno-unused-parameter -Wno-unused-variable -Wunused-value -Wno-empty-body -Wno-uninitialized -Wno-unknown-pragmas -Wno-shadow -Wno-four-char-constants -Wno-conversion -Wno-constant-conversion -Wno-int-conversion -Wno-bool-conversion -Wno-enum-conversion -Wno-float-conversion -Wno-non-literal-null-conversion -Wno-objc-literal-conversion -Wshorten-64-to-32 -Wno-newline-eof -Wno-c++11-extensions -Wno-implicit-fallthrough -fstrict-aliasing -Wdeprecated-declarations -Winvalid-offsetof -Wno-sign-conversion -Wno-infinite-recursion -Wno-move -Wno-comma -Wno-block-capture-autoreleasing -Wno-strict-prototypes -Wno-range-loop-analysis -Wno-semicolon-before-method-body -index-store-path /Users/danielraffel/Library/Developer/Xcode/DerivedData/Braidy-gjepuomvgkhxdkbmzgcfaogejqgd/Index.noindex/DataStore @/Users/danielraffel/Code/braidy/build/build/Braidy_Standalone.build/Debug/Objects-normal/arm64/82b82416624d2658e5098eb0a28c15c5-common-args.resp -MMD -MT dependencies -MF /Users/danielraffel/Code/braidy/build/build/Braidy_Standalone.build/Debug/Objects-normal/arm64/juce_audio_plugin_client_Unity.d --serialize-diagnostics /Users/danielraffel/Code/braidy/build/build/Braidy_Standalone.build/Debug/Objects-normal/arm64/juce_audio_plugin_client_Unity.dia -c /Users/danielraffel/.juce_cache/juce-src/modules/juce_audio_plugin_client/juce_audio_plugin_client_Unity.cpp -o /Users/danielraffel/Code/braidy/build/build/Braidy_Standalone.build/Debug/Objects-normal/arm64/juce_audio_plugin_client_Unity.o -index-unit-output-path /Braidy_Standalone.build/Debug/Objects-normal/arm64/juce_audio_plugin_client_Unity.o

CompileC /Users/danielraffel/Code/braidy/build/build/Braidy_Standalone.build/Debug/Objects-normal/arm64/juce_audio_plugin_client_LV2.o /Users/danielraffel/.juce_cache/juce-src/modules/juce_audio_plugin_client/juce_audio_plugin_client_LV2.mm normal arm64 objective-c++ com.apple.compilers.llvm.clang.1_0.compiler (in target 'Braidy_Standalone' from project 'Braidy')
    cd /Users/danielraffel/Code/braidy
    
    Using response file: /Users/danielraffel/Code/braidy/build/build/Braidy_Standalone.build/Debug/Objects-normal/arm64/af3fcb34312c57c0f52879cdce924b91-common-args.resp
    
    /Applications/Xcode.app/Contents/Developer/Toolchains/XcodeDefault.xctoolchain/usr/bin/clang -x objective-c++ -ivfsstatcache /Users/danielraffel/Library/Developer/Xcode/DerivedData/SDKStatCaches.noindex/macosx15.5-24F74-8254517eb8b97d462ccbc072ba9094c9.sdkstatcache -fmessage-length\=0 -fdiagnostics-show-note-include-stack -fmacro-backtrace-limit\=0 -fno-color-diagnostics -Wno-trigraphs -Wno-missing-field-initializers -Wno-missing-prototypes -Wno-return-type -Wno-implicit-atomic-properties -Wno-objc-interface-ivars -Wno-arc-repeated-use-of-weak -Wno-non-virtual-dtor -Wno-overloaded-virtual -Wno-exit-time-destructors -Wno-missing-braces -Wparentheses -Wswitch -Wno-unused-function -Wno-unused-label -Wno-unused-parameter -Wno-unused-variable -Wunused-value -Wno-empty-body -Wno-uninitialized -Wno-unknown-pragmas -Wno-shadow -Wno-four-char-constants -Wno-conversion -Wno-constant-conversion -Wno-int-conversion -Wno-bool-conversion -Wno-enum-conversion -Wno-float-conversion -Wno-non-literal-null-conversion -Wno-objc-literal-conversion -Wshorten-64-to-32 -Wno-newline-eof -Wno-selector -Wno-strict-selector-match -Wno-undeclared-selector -Wno-deprecated-implementations -Wno-c++11-extensions -Wno-implicit-fallthrough -fstrict-aliasing -Wprotocol -Wdeprecated-declarations -Winvalid-offsetof -Wno-sign-conversion -Wno-infinite-recursion -Wno-move -Wno-comma -Wno-block-capture-autoreleasing -Wno-strict-prototypes -Wno-range-loop-analysis -Wno-semicolon-before-method-body -index-store-path /Users/danielraffel/Library/Developer/Xcode/DerivedData/Braidy-gjepuomvgkhxdkbmzgcfaogejqgd/Index.noindex/DataStore @/Users/danielraffel/Code/braidy/build/build/Braidy_Standalone.build/Debug/Objects-normal/arm64/af3fcb34312c57c0f52879cdce924b91-common-args.resp -MMD -MT dependencies -MF /Users/danielraffel/Code/braidy/build/build/Braidy_Standalone.build/Debug/Objects-normal/arm64/juce_audio_plugin_client_LV2.d --serialize-diagnostics /Users/danielraffel/Code/braidy/build/build/Braidy_Standalone.build/Debug/Objects-normal/arm64/juce_audio_plugin_client_LV2.dia -c /Users/danielraffel/.juce_cache/juce-src/modules/juce_audio_plugin_client/juce_audio_plugin_client_LV2.mm -o /Users/danielraffel/Code/braidy/build/build/Braidy_Standalone.build/Debug/Objects-normal/arm64/juce_audio_plugin_client_LV2.o -index-unit-output-path /Braidy_Standalone.build/Debug/Objects-normal/arm64/juce_audio_plugin_client_LV2.o

CompileC /Users/danielraffel/Code/braidy/build/build/Braidy_Standalone.build/Debug/Objects-normal/arm64/juce_audio_plugin_client_AUv3.o /Users/danielraffel/.juce_cache/juce-src/modules/juce_audio_plugin_client/juce_audio_plugin_client_AUv3.mm normal arm64 objective-c++ com.apple.compilers.llvm.clang.1_0.compiler (in target 'Braidy_Standalone' from project 'Braidy')
    cd /Users/danielraffel/Code/braidy
    
    Using response file: /Users/danielraffel/Code/braidy/build/build/Braidy_Standalone.build/Debug/Objects-normal/arm64/af3fcb34312c57c0f52879cdce924b91-common-args.resp
    
    /Applications/Xcode.app/Contents/Developer/Toolchains/XcodeDefault.xctoolchain/usr/bin/clang -x objective-c++ -ivfsstatcache /Users/danielraffel/Library/Developer/Xcode/DerivedData/SDKStatCaches.noindex/macosx15.5-24F74-8254517eb8b97d462ccbc072ba9094c9.sdkstatcache -fmessage-length\=0 -fdiagnostics-show-note-include-stack -fmacro-backtrace-limit\=0 -fno-color-diagnostics -Wno-trigraphs -Wno-missing-field-initializers -Wno-missing-prototypes -Wno-return-type -Wno-implicit-atomic-properties -Wno-objc-interface-ivars -Wno-arc-repeated-use-of-weak -Wno-non-virtual-dtor -Wno-overloaded-virtual -Wno-exit-time-destructors -Wno-missing-braces -Wparentheses -Wswitch -Wno-unused-function -Wno-unused-label -Wno-unused-parameter -Wno-unused-variable -Wunused-value -Wno-empty-body -Wno-uninitialized -Wno-unknown-pragmas -Wno-shadow -Wno-four-char-constants -Wno-conversion -Wno-constant-conversion -Wno-int-conversion -Wno-bool-conversion -Wno-enum-conversion -Wno-float-conversion -Wno-non-literal-null-conversion -Wno-objc-literal-conversion -Wshorten-64-to-32 -Wno-newline-eof -Wno-selector -Wno-strict-selector-match -Wno-undeclared-selector -Wno-deprecated-implementations -Wno-c++11-extensions -Wno-implicit-fallthrough -fstrict-aliasing -Wprotocol -Wdeprecated-declarations -Winvalid-offsetof -Wno-sign-conversion -Wno-infinite-recursion -Wno-move -Wno-comma -Wno-block-capture-autoreleasing -Wno-strict-prototypes -Wno-range-loop-analysis -Wno-semicolon-before-method-body -index-store-path /Users/danielraffel/Library/Developer/Xcode/DerivedData/Braidy-gjepuomvgkhxdkbmzgcfaogejqgd/Index.noindex/DataStore @/Users/danielraffel/Code/braidy/build/build/Braidy_Standalone.build/Debug/Objects-normal/arm64/af3fcb34312c57c0f52879cdce924b91-common-args.resp -MMD -MT dependencies -MF /Users/danielraffel/Code/braidy/build/build/Braidy_Standalone.build/Debug/Objects-normal/arm64/juce_audio_plugin_client_AUv3.d --serialize-diagnostics /Users/danielraffel/Code/braidy/build/build/Braidy_Standalone.build/Debug/Objects-normal/arm64/juce_audio_plugin_client_AUv3.dia -c /Users/danielraffel/.juce_cache/juce-src/modules/juce_audio_plugin_client/juce_audio_plugin_client_AUv3.mm -o /Users/danielraffel/Code/braidy/build/build/Braidy_Standalone.build/Debug/Objects-normal/arm64/juce_audio_plugin_client_AUv3.o -index-unit-output-path /Braidy_Standalone.build/Debug/Objects-normal/arm64/juce_audio_plugin_client_AUv3.o

CompileC /Users/danielraffel/Code/braidy/build/build/Braidy_Standalone.build/Debug/Objects-normal/arm64/juce_audio_plugin_client_AU_2.o /Users/danielraffel/.juce_cache/juce-src/modules/juce_audio_plugin_client/juce_audio_plugin_client_AU_2.mm normal arm64 objective-c++ com.apple.compilers.llvm.clang.1_0.compiler (in target 'Braidy_Standalone' from project 'Braidy')
    cd /Users/danielraffel/Code/braidy
    
    Using response file: /Users/danielraffel/Code/braidy/build/build/Braidy_Standalone.build/Debug/Objects-normal/arm64/af3fcb34312c57c0f52879cdce924b91-common-args.resp
    
    /Applications/Xcode.app/Contents/Developer/Toolchains/XcodeDefault.xctoolchain/usr/bin/clang -x objective-c++ -ivfsstatcache /Users/danielraffel/Library/Developer/Xcode/DerivedData/SDKStatCaches.noindex/macosx15.5-24F74-8254517eb8b97d462ccbc072ba9094c9.sdkstatcache -fmessage-length\=0 -fdiagnostics-show-note-include-stack -fmacro-backtrace-limit\=0 -fno-color-diagnostics -Wno-trigraphs -Wno-missing-field-initializers -Wno-missing-prototypes -Wno-return-type -Wno-implicit-atomic-properties -Wno-objc-interface-ivars -Wno-arc-repeated-use-of-weak -Wno-non-virtual-dtor -Wno-overloaded-virtual -Wno-exit-time-destructors -Wno-missing-braces -Wparentheses -Wswitch -Wno-unused-function -Wno-unused-label -Wno-unused-parameter -Wno-unused-variable -Wunused-value -Wno-empty-body -Wno-uninitialized -Wno-unknown-pragmas -Wno-shadow -Wno-four-char-constants -Wno-conversion -Wno-constant-conversion -Wno-int-conversion -Wno-bool-conversion -Wno-enum-conversion -Wno-float-conversion -Wno-non-literal-null-conversion -Wno-objc-literal-conversion -Wshorten-64-to-32 -Wno-newline-eof -Wno-selector -Wno-strict-selector-match -Wno-undeclared-selector -Wno-deprecated-implementations -Wno-c++11-extensions -Wno-implicit-fallthrough -fstrict-aliasing -Wprotocol -Wdeprecated-declarations -Winvalid-offsetof -Wno-sign-conversion -Wno-infinite-recursion -Wno-move -Wno-comma -Wno-block-capture-autoreleasing -Wno-strict-prototypes -Wno-range-loop-analysis -Wno-semicolon-before-method-body -index-store-path /Users/danielraffel/Library/Developer/Xcode/DerivedData/Braidy-gjepuomvgkhxdkbmzgcfaogejqgd/Index.noindex/DataStore @/Users/danielraffel/Code/braidy/build/build/Braidy_Standalone.build/Debug/Objects-normal/arm64/af3fcb34312c57c0f52879cdce924b91-common-args.resp -MMD -MT dependencies -MF /Users/danielraffel/Code/braidy/build/build/Braidy_Standalone.build/Debug/Objects-normal/arm64/juce_audio_plugin_client_AU_2.d --serialize-diagnostics /Users/danielraffel/Code/braidy/build/build/Braidy_Standalone.build/Debug/Objects-normal/arm64/juce_audio_plugin_client_AU_2.dia -c /Users/danielraffel/.juce_cache/juce-src/modules/juce_audio_plugin_client/juce_audio_plugin_client_AU_2.mm -o /Users/danielraffel/Code/braidy/build/build/Braidy_Standalone.build/Debug/Objects-normal/arm64/juce_audio_plugin_client_AU_2.o -index-unit-output-path /Braidy_Standalone.build/Debug/Objects-normal/arm64/juce_audio_plugin_client_AU_2.o

CompileC /Users/danielraffel/Code/braidy/build/build/Braidy_Standalone.build/Debug/Objects-normal/arm64/juce_audio_plugin_client_AU_1.o /Users/danielraffel/.juce_cache/juce-src/modules/juce_audio_plugin_client/juce_audio_plugin_client_AU_1.mm normal arm64 objective-c++ com.apple.compilers.llvm.clang.1_0.compiler (in target 'Braidy_Standalone' from project 'Braidy')
    cd /Users/danielraffel/Code/braidy
    
    Using response file: /Users/danielraffel/Code/braidy/build/build/Braidy_Standalone.build/Debug/Objects-normal/arm64/af3fcb34312c57c0f52879cdce924b91-common-args.resp
    
    /Applications/Xcode.app/Contents/Developer/Toolchains/XcodeDefault.xctoolchain/usr/bin/clang -x objective-c++ -ivfsstatcache /Users/danielraffel/Library/Developer/Xcode/DerivedData/SDKStatCaches.noindex/macosx15.5-24F74-8254517eb8b97d462ccbc072ba9094c9.sdkstatcache -fmessage-length\=0 -fdiagnostics-show-note-include-stack -fmacro-backtrace-limit\=0 -fno-color-diagnostics -Wno-trigraphs -Wno-missing-field-initializers -Wno-missing-prototypes -Wno-return-type -Wno-implicit-atomic-properties -Wno-objc-interface-ivars -Wno-arc-repeated-use-of-weak -Wno-non-virtual-dtor -Wno-overloaded-virtual -Wno-exit-time-destructors -Wno-missing-braces -Wparentheses -Wswitch -Wno-unused-function -Wno-unused-label -Wno-unused-parameter -Wno-unused-variable -Wunused-value -Wno-empty-body -Wno-uninitialized -Wno-unknown-pragmas -Wno-shadow -Wno-four-char-constants -Wno-conversion -Wno-constant-conversion -Wno-int-conversion -Wno-bool-conversion -Wno-enum-conversion -Wno-float-conversion -Wno-non-literal-null-conversion -Wno-objc-literal-conversion -Wshorten-64-to-32 -Wno-newline-eof -Wno-selector -Wno-strict-selector-match -Wno-undeclared-selector -Wno-deprecated-implementations -Wno-c++11-extensions -Wno-implicit-fallthrough -fstrict-aliasing -Wprotocol -Wdeprecated-declarations -Winvalid-offsetof -Wno-sign-conversion -Wno-infinite-recursion -Wno-move -Wno-comma -Wno-block-capture-autoreleasing -Wno-strict-prototypes -Wno-range-loop-analysis -Wno-semicolon-before-method-body -index-store-path /Users/danielraffel/Library/Developer/Xcode/DerivedData/Braidy-gjepuomvgkhxdkbmzgcfaogejqgd/Index.noindex/DataStore @/Users/danielraffel/Code/braidy/build/build/Braidy_Standalone.build/Debug/Objects-normal/arm64/af3fcb34312c57c0f52879cdce924b91-common-args.resp -MMD -MT dependencies -MF /Users/danielraffel/Code/braidy/build/build/Braidy_Standalone.build/Debug/Objects-normal/arm64/juce_audio_plugin_client_AU_1.d --serialize-diagnostics /Users/danielraffel/Code/braidy/build/build/Braidy_Standalone.build/Debug/Objects-normal/arm64/juce_audio_plugin_client_AU_1.dia -c /Users/danielraffel/.juce_cache/juce-src/modules/juce_audio_plugin_client/juce_audio_plugin_client_AU_1.mm -o /Users/danielraffel/Code/braidy/build/build/Braidy_Standalone.build/Debug/Objects-normal/arm64/juce_audio_plugin_client_AU_1.o -index-unit-output-path /Braidy_Standalone.build/Debug/Objects-normal/arm64/juce_audio_plugin_client_AU_1.o

CompileC /Users/danielraffel/Code/braidy/build/build/Braidy_Standalone.build/Debug/Objects-normal/arm64/juce_audio_plugin_client_Standalone.o /Users/danielraffel/.juce_cache/juce-src/modules/juce_audio_plugin_client/juce_audio_plugin_client_Standalone.cpp normal arm64 c++ com.apple.compilers.llvm.clang.1_0.compiler (in target 'Braidy_Standalone' from project 'Braidy')
    cd /Users/danielraffel/Code/braidy
    
    Using response file: /Users/danielraffel/Code/braidy/build/build/Braidy_Standalone.build/Debug/Objects-normal/arm64/82b82416624d2658e5098eb0a28c15c5-common-args.resp
    
    /Applications/Xcode.app/Contents/Developer/Toolchains/XcodeDefault.xctoolchain/usr/bin/clang -x c++ -ivfsstatcache /Users/danielraffel/Library/Developer/Xcode/DerivedData/SDKStatCaches.noindex/macosx15.5-24F74-8254517eb8b97d462ccbc072ba9094c9.sdkstatcache -fmessage-length\=0 -fdiagnostics-show-note-include-stack -fmacro-backtrace-limit\=0 -fno-color-diagnostics -Wno-trigraphs -Wno-missing-field-initializers -Wno-missing-prototypes -Wno-return-type -Wno-non-virtual-dtor -Wno-overloaded-virtual -Wno-exit-time-destructors -Wno-missing-braces -Wparentheses -Wswitch -Wno-unused-function -Wno-unused-label -Wno-unused-parameter -Wno-unused-variable -Wunused-value -Wno-empty-body -Wno-uninitialized -Wno-unknown-pragmas -Wno-shadow -Wno-four-char-constants -Wno-conversion -Wno-constant-conversion -Wno-int-conversion -Wno-bool-conversion -Wno-enum-conversion -Wno-float-conversion -Wno-non-literal-null-conversion -Wno-objc-literal-conversion -Wshorten-64-to-32 -Wno-newline-eof -Wno-c++11-extensions -Wno-implicit-fallthrough -fstrict-aliasing -Wdeprecated-declarations -Winvalid-offsetof -Wno-sign-conversion -Wno-infinite-recursion -Wno-move -Wno-comma -Wno-block-capture-autoreleasing -Wno-strict-prototypes -Wno-range-loop-analysis -Wno-semicolon-before-method-body -index-store-path /Users/danielraffel/Library/Developer/Xcode/DerivedData/Braidy-gjepuomvgkhxdkbmzgcfaogejqgd/Index.noindex/DataStore @/Users/danielraffel/Code/braidy/build/build/Braidy_Standalone.build/Debug/Objects-normal/arm64/82b82416624d2658e5098eb0a28c15c5-common-args.resp -MMD -MT dependencies -MF /Users/danielraffel/Code/braidy/build/build/Braidy_Standalone.build/Debug/Objects-normal/arm64/juce_audio_plugin_client_Standalone.d --serialize-diagnostics /Users/danielraffel/Code/braidy/build/build/Braidy_Standalone.build/Debug/Objects-normal/arm64/juce_audio_plugin_client_Standalone.dia -c /Users/danielraffel/.juce_cache/juce-src/modules/juce_audio_plugin_client/juce_audio_plugin_client_Standalone.cpp -o /Users/danielraffel/Code/braidy/build/build/Braidy_Standalone.build/Debug/Objects-normal/arm64/juce_audio_plugin_client_Standalone.o -index-unit-output-path /Braidy_Standalone.build/Debug/Objects-normal/arm64/juce_audio_plugin_client_Standalone.o

CopyPlistFile /Users/danielraffel/Code/braidy/build/Braidy_artefacts/Debug/Standalone/Braidy.app/Contents/Resources/RecentFilesMenuTemplate.nib /Users/danielraffel/.juce_cache/juce-src/extras/Build/CMake/RecentFilesMenuTemplate.nib (in target 'Braidy_Standalone' from project 'Braidy')
    cd /Users/danielraffel/Code/braidy
    builtin-copyPlist --outdir /Users/danielraffel/Code/braidy/build/Braidy_artefacts/Debug/Standalone/Braidy.app/Contents/Resources -- /Users/danielraffel/.juce_cache/juce-src/extras/Build/CMake/RecentFilesMenuTemplate.nib

CompileC /Users/danielraffel/Code/braidy/build/build/Braidy_Standalone.build/Debug/Objects-normal/arm64/juce_audio_plugin_client_ARA.o /Users/danielraffel/.juce_cache/juce-src/modules/juce_audio_plugin_client/juce_audio_plugin_client_ARA.cpp normal arm64 c++ com.apple.compilers.llvm.clang.1_0.compiler (in target 'Braidy_Standalone' from project 'Braidy')
    cd /Users/danielraffel/Code/braidy
    
    Using response file: /Users/danielraffel/Code/braidy/build/build/Braidy_Standalone.build/Debug/Objects-normal/arm64/82b82416624d2658e5098eb0a28c15c5-common-args.resp
    
    /Applications/Xcode.app/Contents/Developer/Toolchains/XcodeDefault.xctoolchain/usr/bin/clang -x c++ -ivfsstatcache /Users/danielraffel/Library/Developer/Xcode/DerivedData/SDKStatCaches.noindex/macosx15.5-24F74-8254517eb8b97d462ccbc072ba9094c9.sdkstatcache -fmessage-length\=0 -fdiagnostics-show-note-include-stack -fmacro-backtrace-limit\=0 -fno-color-diagnostics -Wno-trigraphs -Wno-missing-field-initializers -Wno-missing-prototypes -Wno-return-type -Wno-non-virtual-dtor -Wno-overloaded-virtual -Wno-exit-time-destructors -Wno-missing-braces -Wparentheses -Wswitch -Wno-unused-function -Wno-unused-label -Wno-unused-parameter -Wno-unused-variable -Wunused-value -Wno-empty-body -Wno-uninitialized -Wno-unknown-pragmas -Wno-shadow -Wno-four-char-constants -Wno-conversion -Wno-constant-conversion -Wno-int-conversion -Wno-bool-conversion -Wno-enum-conversion -Wno-float-conversion -Wno-non-literal-null-conversion -Wno-objc-literal-conversion -Wshorten-64-to-32 -Wno-newline-eof -Wno-c++11-extensions -Wno-implicit-fallthrough -fstrict-aliasing -Wdeprecated-declarations -Winvalid-offsetof -Wno-sign-conversion -Wno-infinite-recursion -Wno-move -Wno-comma -Wno-block-capture-autoreleasing -Wno-strict-prototypes -Wno-range-loop-analysis -Wno-semicolon-before-method-body -index-store-path /Users/danielraffel/Library/Developer/Xcode/DerivedData/Braidy-gjepuomvgkhxdkbmzgcfaogejqgd/Index.noindex/DataStore @/Users/danielraffel/Code/braidy/build/build/Braidy_Standalone.build/Debug/Objects-normal/arm64/82b82416624d2658e5098eb0a28c15c5-common-args.resp -MMD -MT dependencies -MF /Users/danielraffel/Code/braidy/build/build/Braidy_Standalone.build/Debug/Objects-normal/arm64/juce_audio_plugin_client_ARA.d --serialize-diagnostics /Users/danielraffel/Code/braidy/build/build/Braidy_Standalone.build/Debug/Objects-normal/arm64/juce_audio_plugin_client_ARA.dia -c /Users/danielraffel/.juce_cache/juce-src/modules/juce_audio_plugin_client/juce_audio_plugin_client_ARA.cpp -o /Users/danielraffel/Code/braidy/build/build/Braidy_Standalone.build/Debug/Objects-normal/arm64/juce_audio_plugin_client_ARA.o -index-unit-output-path /Braidy_Standalone.build/Debug/Objects-normal/arm64/juce_audio_plugin_client_ARA.o

CompileC /Users/danielraffel/Code/braidy/build/build/Braidy_Standalone.build/Debug/Objects-normal/arm64/juce_audio_plugin_client_AAX_utils.o /Users/danielraffel/.juce_cache/juce-src/modules/juce_audio_plugin_client/juce_audio_plugin_client_AAX_utils.cpp normal arm64 c++ com.apple.compilers.llvm.clang.1_0.compiler (in target 'Braidy_Standalone' from project 'Braidy')
    cd /Users/danielraffel/Code/braidy
    
    Using response file: /Users/danielraffel/Code/braidy/build/build/Braidy_Standalone.build/Debug/Objects-normal/arm64/82b82416624d2658e5098eb0a28c15c5-common-args.resp
    
    /Applications/Xcode.app/Contents/Developer/Toolchains/XcodeDefault.xctoolchain/usr/bin/clang -x c++ -ivfsstatcache /Users/danielraffel/Library/Developer/Xcode/DerivedData/SDKStatCaches.noindex/macosx15.5-24F74-8254517eb8b97d462ccbc072ba9094c9.sdkstatcache -fmessage-length\=0 -fdiagnostics-show-note-include-stack -fmacro-backtrace-limit\=0 -fno-color-diagnostics -Wno-trigraphs -Wno-missing-field-initializers -Wno-missing-prototypes -Wno-return-type -Wno-non-virtual-dtor -Wno-overloaded-virtual -Wno-exit-time-destructors -Wno-missing-braces -Wparentheses -Wswitch -Wno-unused-function -Wno-unused-label -Wno-unused-parameter -Wno-unused-variable -Wunused-value -Wno-empty-body -Wno-uninitialized -Wno-unknown-pragmas -Wno-shadow -Wno-four-char-constants -Wno-conversion -Wno-constant-conversion -Wno-int-conversion -Wno-bool-conversion -Wno-enum-conversion -Wno-float-conversion -Wno-non-literal-null-conversion -Wno-objc-literal-conversion -Wshorten-64-to-32 -Wno-newline-eof -Wno-c++11-extensions -Wno-implicit-fallthrough -fstrict-aliasing -Wdeprecated-declarations -Winvalid-offsetof -Wno-sign-conversion -Wno-infinite-recursion -Wno-move -Wno-comma -Wno-block-capture-autoreleasing -Wno-strict-prototypes -Wno-range-loop-analysis -Wno-semicolon-before-method-body -index-store-path /Users/danielraffel/Library/Developer/Xcode/DerivedData/Braidy-gjepuomvgkhxdkbmzgcfaogejqgd/Index.noindex/DataStore @/Users/danielraffel/Code/braidy/build/build/Braidy_Standalone.build/Debug/Objects-normal/arm64/82b82416624d2658e5098eb0a28c15c5-common-args.resp -MMD -MT dependencies -MF /Users/danielraffel/Code/braidy/build/build/Braidy_Standalone.build/Debug/Objects-normal/arm64/juce_audio_plugin_client_AAX_utils.d --serialize-diagnostics /Users/danielraffel/Code/braidy/build/build/Braidy_Standalone.build/Debug/Objects-normal/arm64/juce_audio_plugin_client_AAX_utils.dia -c /Users/danielraffel/.juce_cache/juce-src/modules/juce_audio_plugin_client/juce_audio_plugin_client_AAX_utils.cpp -o /Users/danielraffel/Code/braidy/build/build/Braidy_Standalone.build/Debug/Objects-normal/arm64/juce_audio_plugin_client_AAX_utils.o -index-unit-output-path /Braidy_Standalone.build/Debug/Objects-normal/arm64/juce_audio_plugin_client_AAX_utils.o

CompileC /Users/danielraffel/Code/braidy/build/build/Braidy_Standalone.build/Debug/Objects-normal/arm64/juce_audio_plugin_client_AAX.o /Users/danielraffel/.juce_cache/juce-src/modules/juce_audio_plugin_client/juce_audio_plugin_client_AAX.mm normal arm64 objective-c++ com.apple.compilers.llvm.clang.1_0.compiler (in target 'Braidy_Standalone' from project 'Braidy')
    cd /Users/danielraffel/Code/braidy
    
    Using response file: /Users/danielraffel/Code/braidy/build/build/Braidy_Standalone.build/Debug/Objects-normal/arm64/af3fcb34312c57c0f52879cdce924b91-common-args.resp
    
    /Applications/Xcode.app/Contents/Developer/Toolchains/XcodeDefault.xctoolchain/usr/bin/clang -x objective-c++ -ivfsstatcache /Users/danielraffel/Library/Developer/Xcode/DerivedData/SDKStatCaches.noindex/macosx15.5-24F74-8254517eb8b97d462ccbc072ba9094c9.sdkstatcache -fmessage-length\=0 -fdiagnostics-show-note-include-stack -fmacro-backtrace-limit\=0 -fno-color-diagnostics -Wno-trigraphs -Wno-missing-field-initializers -Wno-missing-prototypes -Wno-return-type -Wno-implicit-atomic-properties -Wno-objc-interface-ivars -Wno-arc-repeated-use-of-weak -Wno-non-virtual-dtor -Wno-overloaded-virtual -Wno-exit-time-destructors -Wno-missing-braces -Wparentheses -Wswitch -Wno-unused-function -Wno-unused-label -Wno-unused-parameter -Wno-unused-variable -Wunused-value -Wno-empty-body -Wno-uninitialized -Wno-unknown-pragmas -Wno-shadow -Wno-four-char-constants -Wno-conversion -Wno-constant-conversion -Wno-int-conversion -Wno-bool-conversion -Wno-enum-conversion -Wno-float-conversion -Wno-non-literal-null-conversion -Wno-objc-literal-conversion -Wshorten-64-to-32 -Wno-newline-eof -Wno-selector -Wno-strict-selector-match -Wno-undeclared-selector -Wno-deprecated-implementations -Wno-c++11-extensions -Wno-implicit-fallthrough -fstrict-aliasing -Wprotocol -Wdeprecated-declarations -Winvalid-offsetof -Wno-sign-conversion -Wno-infinite-recursion -Wno-move -Wno-comma -Wno-block-capture-autoreleasing -Wno-strict-prototypes -Wno-range-loop-analysis -Wno-semicolon-before-method-body -index-store-path /Users/danielraffel/Library/Developer/Xcode/DerivedData/Braidy-gjepuomvgkhxdkbmzgcfaogejqgd/Index.noindex/DataStore @/Users/danielraffel/Code/braidy/build/build/Braidy_Standalone.build/Debug/Objects-normal/arm64/af3fcb34312c57c0f52879cdce924b91-common-args.resp -MMD -MT dependencies -MF /Users/danielraffel/Code/braidy/build/build/Braidy_Standalone.build/Debug/Objects-normal/arm64/juce_audio_plugin_client_AAX.d --serialize-diagnostics /Users/danielraffel/Code/braidy/build/build/Braidy_Standalone.build/Debug/Objects-normal/arm64/juce_audio_plugin_client_AAX.dia -c /Users/danielraffel/.juce_cache/juce-src/modules/juce_audio_plugin_client/juce_audio_plugin_client_AAX.mm -o /Users/danielraffel/Code/braidy/build/build/Braidy_Standalone.build/Debug/Objects-normal/arm64/juce_audio_plugin_client_AAX.o -index-unit-output-path /Braidy_Standalone.build/Debug/Objects-normal/arm64/juce_audio_plugin_client_AAX.o

Ld /Users/danielraffel/Code/braidy/build/Braidy_artefacts/Debug/Standalone/Braidy.app/Contents/MacOS/Braidy normal (in target 'Braidy_Standalone' from project 'Braidy')
    cd /Users/danielraffel/Code/braidy
    /Applications/Xcode.app/Contents/Developer/Toolchains/XcodeDefault.xctoolchain/usr/bin/clang++ -Xlinker -reproducible -target arm64-apple-macos15.0 -isysroot /Applications/Xcode.app/Contents/Developer/Platforms/MacOSX.platform/Developer/SDKs/MacOSX15.5.sdk -O0 -L/Users/danielraffel/Code/braidy/build/build/EagerLinkingTBDs/Debug -L/Users/danielraffel/Code/braidy/build/Braidy_artefacts/Debug/Standalone -F/Users/danielraffel/Code/braidy/build/build/EagerLinkingTBDs/Debug -F/Users/danielraffel/Code/braidy/build/Braidy_artefacts/Debug/Standalone -filelist /Users/danielraffel/Code/braidy/build/build/Braidy_Standalone.build/Debug/Objects-normal/arm64/Braidy.LinkFileList -Xlinker -object_path_lto -Xlinker /Users/danielraffel/Code/braidy/build/build/Braidy_Standalone.build/Debug/Objects-normal/arm64/Braidy_lto.o -Xlinker -no_deduplicate -Xlinker -dependency_info -Xlinker /Users/danielraffel/Code/braidy/build/build/Braidy_Standalone.build/Debug/Objects-normal/arm64/Braidy_dependency_info.dat -Xlinker -adhoc_codesign -Wl,-search_paths_first -Wl,-headerpad_max_install_names /Users/danielraffel/Code/braidy/build/Braidy_artefacts/Debug/libBraidy_SharedCode.a /Users/danielraffel/Code/braidy/build/Debug/libbraids.a -framework CoreAudioKit -framework DiscRecording -framework CoreAudio -framework CoreMIDI -framework AudioToolbox -framework Accelerate -framework Foundation -framework IOKit -framework Security -framework QuartzCore -framework Cocoa -weak_framework Metal -weak_framework MetalKit -framework WebKit -Xlinker -no_adhoc_codesign -o /Users/danielraffel/Code/braidy/build/Braidy_artefacts/Debug/Standalone/Braidy.app/Contents/MacOS/Braidy

PhaseScriptExecution CMake\ PostBuild\ Rules /Users/danielraffel/Code/braidy/build/build/Braidy_Standalone.build/Debug/Script-507E4DA5E7A1EE41DB09D870.sh (in target 'Braidy_Standalone' from project 'Braidy')
    cd /Users/danielraffel/Code/braidy
    /bin/sh -c /Users/danielraffel/Code/braidy/build/build/Braidy_Standalone.build/Debug/Script-507E4DA5E7A1EE41DB09D870.sh

CodeSign /Users/danielraffel/Code/braidy/build/Braidy_artefacts/Debug/Standalone/Braidy.app (in target 'Braidy_Standalone' from project 'Braidy')
    cd /Users/danielraffel/Code/braidy
    
    Signing Identity:     "Sign to Run Locally"
    
    /usr/bin/codesign --force --sign - --timestamp --entitlements /Users/danielraffel/Code/braidy/build/build/Braidy_Standalone.build/Debug/Braidy.app.xcent --generate-entitlement-der /Users/danielraffel/Code/braidy/build/Braidy_artefacts/Debug/Standalone/Braidy.app

RegisterExecutionPolicyException /Users/danielraffel/Code/braidy/build/Braidy_artefacts/Debug/Standalone/Braidy.app (in target 'Braidy_Standalone' from project 'Braidy')
    cd /Users/danielraffel/Code/braidy
    builtin-RegisterExecutionPolicyException /Users/danielraffel/Code/braidy/build/Braidy_artefacts/Debug/Standalone/Braidy.app

Validate /Users/danielraffel/Code/braidy/build/Braidy_artefacts/Debug/Standalone/Braidy.app (in target 'Braidy_Standalone' from project 'Braidy')
    cd /Users/danielraffel/Code/braidy
    builtin-validationUtility /Users/danielraffel/Code/braidy/build/Braidy_artefacts/Debug/Standalone/Braidy.app -no-validate-extension -infoplist-subpath Contents/Info.plist

Touch /Users/danielraffel/Code/braidy/build/Braidy_artefacts/Debug/Standalone/Braidy.app (in target 'Braidy_Standalone' from project 'Braidy')
    cd /Users/danielraffel/Code/braidy
    /usr/bin/touch -c /Users/danielraffel/Code/braidy/build/Braidy_artefacts/Debug/Standalone/Braidy.app

RegisterWithLaunchServices /Users/danielraffel/Code/braidy/build/Braidy_artefacts/Debug/Standalone/Braidy.app (in target 'Braidy_Standalone' from project 'Braidy')
    cd /Users/danielraffel/Code/braidy
    /System/Library/Frameworks/CoreServices.framework/Versions/Current/Frameworks/LaunchServices.framework/Versions/Current/Support/lsregister -f -R -trusted /Users/danielraffel/Code/braidy/build/Braidy_artefacts/Debug/Standalone/Braidy.app

note: Run script build phase 'CMake PostBuild Rules' will be run during every build because the option to run the script phase "Based on dependency analysis" is unchecked. (in target 'Braidy_Standalone' from project 'Braidy')
note: Run script build phase 'Generate CMakeFiles/ZERO_CHECK' will be run during every build because the option to run the script phase "Based on dependency analysis" is unchecked. (in target 'ZERO_CHECK' from project 'Braidy')
** BUILD SUCCEEDED **

[0;32mLaunching standalone app...[0m
Launched: build/Braidy_artefacts/Debug/Standalone/Braidy.app
[0;32mBuild complete![0m

Plugins installed to:
  App: build/Braidy_artefacts/Debug/Standalone/Braidy.app
